[2026-03-05T17:04:32.792Z] ℹ️ Twilio WhatsApp DEAKTIVIERT
[2026-03-05T17:48:54.966Z] ℹ️ Twilio WhatsApp DEAKTIVIERT
[2026-03-05T18:34:02.995Z] ℹ️ Twilio WhatsApp DEAKTIVIERT
[2026-03-05T18:36:19.505Z] ℹ️ Twilio WhatsApp DEAKTIVIERT
[2026-03-05T19:07:38.644Z] ℹ️ Twilio WhatsApp DEAKTIVIERT
[2026-03-05T19:09:51.554Z] ✅ Twilio WhatsApp AKTIV
[2026-03-06T06:49:41.361Z] ✅ Twilio WhatsApp AKTIV
[2026-03-06T07:32:58.967Z] ✅ Twilio WhatsApp AKTIV
[2026-03-06T13:57:04.812Z] ✅ Twilio WhatsApp AKTIV
[2026-03-06T14:05:59.654Z] ✅ Twilio WhatsApp AKTIV
[2026-03-06T14:13:23.451Z] ✅ Twilio WhatsApp AKTIV
[2026-03-06T14:19:53.889Z] ✅ Twilio WhatsApp AKTIV
[2026-03-06T14:26:24.090Z] ✅ Twilio WhatsApp AKTIV
[2026-03-06T14:29:35.832Z] ✅ Twilio WhatsApp AKTIV
[2026-03-07T09:11:11.160Z] ✅ Twilio WhatsApp AKTIV
[2026-03-07T09:14:01.588Z] ✅ Twilio WhatsApp AKTIV
[2026-03-07T10:14:11.290Z] ✅ Twilio WhatsApp AKTIV
[2026-03-07T10:25:53.227Z] ✅ Twilio WhatsApp AKTIV
[2026-03-07T10:47:40.606Z] ✅ Twilio WhatsApp AKTIV
[2026-03-07T10:51:57.712Z] ✅ Twilio WhatsApp AKTIV
[2026-03-07T12:16:18.007Z] ✅ Twilio WhatsApp AKTIV
[2026-03-07T12:34:26.582Z] ✅ Twilio WhatsApp AKTIV
[2026-03-07T12:37:01.144Z] 📲 WhatsApp gesendet an whatsapp:+491777875051: SM3c54cbffa01333e0ff13990ae5435100
[2026-03-07T12:37:01.149Z] 📆 WhatsApp Reminder 24h geplant (2026-03-25T15:45:00.000Z)
[2026-03-07T12:37:01.150Z] 📆 WhatsApp Reminder 2h geplant (2026-03-26T13:45:00.000Z)
[2026-03-07T12:37:02.694Z] 📤 Mail gesendet an mmazur871@gmail.com: <90303fa1-f031-99b3-b6fa-c3259ce9aa1a@gmail.com>
[2026-03-07T12:54:18.988Z] ✅ Twilio WhatsApp AKTIV
[2026-03-07T13:14:23.863Z] ✅ Twilio WhatsApp AKTIV
[2026-03-08T11:59:34.382Z] ✅ Twilio WhatsApp AKTIV
[2026-03-08T12:39:34.969Z] ✅ Twilio WhatsApp AKTIV
[2026-03-08T12:46:26.185Z] ✅ Twilio WhatsApp AKTIV
[2026-03-09T06:39:27.938Z] ✅ Twilio WhatsApp AKTIV
[2026-03-09T09:14:50.541Z] ✅ Twilio WhatsApp AKTIV
[2026-03-09T10:29:36.723Z] ✅ Twilio WhatsApp AKTIV
[2026-03-09T13:08:51.564Z] ✅ Twilio WhatsApp AKTIV
[2026-03-09T16:59:48.335Z] ✅ Twilio WhatsApp AKTIV
[2026-03-09T17:08:19.925Z] ✅ Twilio WhatsApp AKTIV
[2026-03-10T11:10:47.082Z] ✅ Twilio WhatsApp AKTIV
[2026-03-10T12:25:33.109Z] ✅ Twilio WhatsApp AKTIV
[2026-03-10T12:33:28.681Z] ✅ Twilio WhatsApp AKTIV
[2026-03-10T12:37:41.496Z] ✅ Twilio WhatsApp AKTIV
[2026-03-10T12:48:51.454Z] ✅ Twilio WhatsApp AKTIV
[2026-03-10T13:10:56.794Z] ✅ Twilio WhatsApp AKTIV
[2026-03-10T13:25:32.834Z] ✅ Twilio WhatsApp AKTIV
[2026-03-11T07:37:24.127Z] ✅ Twilio WhatsApp AKTIV
[2026-03-11T08:26:32.261Z] ✅ Twilio WhatsApp AKTIV
[2026-03-11T10:07:58.243Z] ✅ Twilio WhatsApp AKTIV
[2026-03-11T13:06:22.300Z] ✅ Twilio WhatsApp AKTIV
[2026-03-11T13:30:36.371Z] ✅ Twilio WhatsApp AKTIV
[2026-03-12T08:08:55.762Z] ✅ Twilio WhatsApp AKTIV
[2026-03-12T08:13:10.566Z] ✅ Twilio WhatsApp AKTIV
[2026-03-12T09:31:19.826Z] ✅ Twilio WhatsApp AKTIV
[2026-03-12T10:04:04.478Z] ✅ Twilio WhatsApp AKTIV
[2026-03-12T10:17:12.665Z] ✅ Twilio WhatsApp AKTIV
[2026-03-12T10:38:16.706Z] ✅ Twilio WhatsApp AKTIV
[2026-03-12T15:28:24.364Z] ✅ Twilio WhatsApp AKTIV
[2026-03-13T12:24:36.482Z] ✅ Twilio WhatsApp AKTIV
[2026-03-13T12:29:28.353Z] ✅ Twilio WhatsApp AKTIV
[2026-03-13T12:34:00.119Z] ✅ Twilio WhatsApp AKTIV
[2026-03-13T12:38:12.673Z] ✅ Twilio WhatsApp AKTIV
[2026-03-13T12:57:02.698Z] ✅ Twilio WhatsApp AKTIV
[2026-03-13T13:04:08.638Z] ✅ Twilio WhatsApp AKTIV
[2026-03-13T13:43:21.423Z] ✅ Twilio WhatsApp AKTIV
[2026-03-13T13:46:36.545Z] ✅ Twilio WhatsApp AKTIV
[2026-03-13T13:49:31.168Z] ✅ Twilio WhatsApp AKTIV
[2026-03-14T07:13:01.675Z] ✅ Twilio WhatsApp AKTIV
[2026-03-14T07:49:55.912Z] ✅ Twilio WhatsApp AKTIV
[2026-03-14T08:05:42.749Z] ✅ Twilio WhatsApp AKTIV
[2026-03-14T08:14:42.938Z] ✅ Twilio WhatsApp AKTIV
[2026-03-14T08:37:27.941Z] ✅ Twilio WhatsApp AKTIV
[2026-03-14T08:54:35.772Z] ✅ Twilio WhatsApp AKTIV
[2026-03-14T08:56:21.012Z] 📆 WhatsApp Reminder 24h geplant (2026-03-17T14:15:00.000Z)
[2026-03-14T08:56:21.014Z] 📆 WhatsApp Reminder 2h geplant (2026-03-18T12:15:00.000Z)
[2026-03-14T08:56:22.416Z] 📤 Mail gesendet an mmazur871@gmail.com: <7cb95004-e0da-b687-1996-b28a4b8c315e@gmail.com>
[2026-03-14T11:56:29.354Z] ✅ Twilio WhatsApp AKTIV
[2026-03-14T12:24:04.354Z] ✅ Twilio WhatsApp AKTIV
[2026-03-14T12:28:08.847Z] ✅ Twilio WhatsApp AKTIV
[2026-03-14T12:32:16.429Z] ✅ Twilio WhatsApp AKTIV
[2026-03-14T12:34:35.204Z] ✅ Twilio WhatsApp AKTIV
[2026-03-14T12:45:41.146Z] ✅ Twilio WhatsApp AKTIV
[2026-03-14T12:50:18.383Z] ✅ Twilio WhatsApp AKTIV
[2026-03-14T12:55:12.225Z] ✅ Twilio WhatsApp AKTIV
[2026-03-14T13:01:24.400Z] ✅ Twilio WhatsApp AKTIV
[2026-03-14T13:12:48.940Z] ✅ Twilio WhatsApp AKTIV
[2026-03-14T13:39:22.284Z] ✅ Twilio WhatsApp AKTIV
[2026-03-14T13:54:33.985Z] ✅ Twilio WhatsApp AKTIV
[2026-03-14T14:31:27.511Z] ✅ Twilio WhatsApp AKTIV
[2026-03-15T09:52:04.104Z] 📲 WhatsApp gesendet an whatsapp:+491777875051: SM61894fae78b10387267da887d8695a6e
[2026-03-15T09:52:04.121Z] 📆 WhatsApp Reminder 24h geplant (2026-03-18T15:45:00.000Z)
[2026-03-15T09:52:04.123Z] 📆 WhatsApp Reminder 2h geplant (2026-03-19T13:45:00.000Z)
[2026-03-15T09:52:05.934Z] 📤 Mail gesendet an mmazur871@gmail.com: <3f7a3e94-4103-e830-0d37-634ad0351e3c@gmail.com>
[2026-03-15T10:44:46.221Z] ✅ Twilio WhatsApp AKTIV
[2026-03-15T11:12:06.066Z] ✅ Twilio WhatsApp AKTIV
[2026-03-15T11:15:09.571Z] ✅ Twilio WhatsApp AKTIV
[2026-03-15T11:28:21.543Z] 📲 WhatsApp gesendet an whatsapp:+491777875051: SMee4612341a8803f321b5a4c7cf29c115
[2026-03-15T11:28:21.550Z] 📆 WhatsApp Reminder 24h geplant (2026-03-30T14:45:00.000Z)
[2026-03-15T11:28:21.551Z] 📆 WhatsApp Reminder 2h geplant (2026-03-31T12:45:00.000Z)
[2026-03-15T11:28:23.279Z] 📤 Mail gesendet an mmazur871@gmail.com: <53077e99-f251-c6cd-4fd8-bf9c411ed0fa@gmail.com>
[2026-03-15T12:02:41.114Z] ✅ Twilio WhatsApp AKTIV
[2026-03-17T08:00:59.521Z] 📲 WhatsApp gesendet an whatsapp:+4917778750512: SM96b55ea58c1428091149e50d11f196b8
[2026-03-17T08:00:59.533Z] 📆 WhatsApp Reminder 24h geplant (2026-03-17T14:15:00.000Z)
[2026-03-17T08:00:59.534Z] 📆 WhatsApp Reminder 2h geplant (2026-03-18T12:15:00.000Z)
[2026-03-17T08:01:01.554Z] 📤 Mail gesendet an mmazur871@gmail.com: <0b8bf8a4-75a1-2d59-9d76-58c703a7b216@gmail.com>
[2026-03-17T09:26:59.872Z] 🗑️ Termin gelöscht: 3fd1c498-0920-468d-b547-d26a2d308553
[2026-03-17T09:27:01.602Z] 🗑️ Termin gelöscht: da524fa0-15aa-4331-98dd-2bc721bf0baf
[2026-03-17T09:27:05.433Z] 🗑️ Termin gelöscht: 15ce0610-2af9-4a54-8ff6-b690002187f1
[2026-03-17T09:27:07.203Z] 🗑️ Termin gelöscht: affa9ef0-94f5-410a-accc-7e03ae869860
[2026-03-17T09:27:08.842Z] 🗑️ Termin gelöscht: f74f0567-372e-4f37-b17d-244f17c5a702
[2026-03-17T09:27:10.266Z] 🗑️ Termin gelöscht: a24229a7-1703-4dfe-85a2-8b095aaf6f38
[2026-03-17T09:27:12.005Z] 🗑️ Termin gelöscht: 268cebd6-2d5e-457c-a871-3e510badab93
[2026-03-17T09:27:13.733Z] 🗑️ Termin gelöscht: d850dc49-92e0-48c6-8029-2bb9532f62f1
[2026-03-17T09:27:15.344Z] 🗑️ Termin gelöscht: f8569eba-c49a-48a7-8af4-4c243035dc18
[2026-03-17T09:27:17.234Z] 🗑️ Termin gelöscht: ab4c2bf9-6b37-46a3-8408-72d3e90abe3c
[2026-03-17T09:27:18.723Z] 🗑️ Termin gelöscht: 27a1f510-e40e-417c-8bf1-c535368d09bd
[2026-03-17T09:27:20.819Z] 🗑️ Termin gelöscht: d5c98bca-b3c6-4c77-aa7a-a736b45fd4c1
[2026-03-17T09:27:22.463Z] 🗑️ Termin gelöscht: 7491d6b9-91af-4b27-8b32-4ee6061c0866
[2026-03-17T09:27:24.217Z] 🗑️ Termin gelöscht: d85202d5-98ef-4056-8dc7-1e9889ecd3af
[2026-03-17T09:27:25.828Z] 🗑️ Termin gelöscht: 30572d64-5218-43a8-bf4a-32266684c8e7
[2026-03-17T09:27:27.839Z] 🗑️ Termin gelöscht: 4e383a40-d3b9-4ea9-b55c-4d69beeb7f4a
[2026-03-17T09:27:30.469Z] 🗑️ Termin gelöscht: a14d3c69-fa55-457b-bc97-a06a0978768e
[2026-03-17T09:27:32.356Z] 🗑️ Termin gelöscht: 1179ae6f-8fcd-4336-888f-e114fcdfdd3b
[2026-03-17T09:27:34.163Z] 🗑️ Termin gelöscht: ee8f07e0-a507-4430-8ebf-c9512f0d32b2
[2026-03-17T09:27:35.995Z] 🗑️ Termin gelöscht: 707b1126-e863-44a5-9550-c54da4937aaa
[2026-03-17T09:27:38.187Z] 🗑️ Termin gelöscht: 4392309a-630e-4b0c-a064-8551b03607f4
[2026-03-17T09:27:40.455Z] 🗑️ Termin gelöscht: 8b84d6d2-1db8-4f39-a378-b76ea294a301
[2026-03-17T09:27:42.859Z] 🗑️ Termin gelöscht: c5651721-e9c8-4d53-b581-9bc2b8fd8228
[2026-03-17T09:27:45.476Z] 🗑️ Termin gelöscht: aea204a6-565d-4bf4-811f-aa16fc2d0b4e
[2026-03-17T09:27:46.794Z] 🗑️ Termin gelöscht: 6ccc3267-8404-4e3d-8908-5582798bb4e8
[2026-03-17T09:27:48.811Z] 🗑️ Termin gelöscht: 3fc728e0-9290-4b12-ba17-7169602e8ded
[2026-03-17T09:27:50.842Z] 🗑️ Termin gelöscht: ae233450-355c-4782-9b22-01d7710190bb
[2026-03-17T09:27:52.305Z] 🗑️ Termin gelöscht: f6dc2ad0-f676-4f05-80d2-18f65fb10767
[2026-03-17T09:27:53.705Z] 🗑️ Termin gelöscht: c7a742f2-60ea-434c-a30c-0df03a07c27d
[2026-03-17T09:27:55.061Z] 🗑️ Termin gelöscht: fb2ea1c8-1c2b-4279-9b26-87be60deda08
[2026-03-17T09:27:56.571Z] 🗑️ Termin gelöscht: f15e559a-4b32-4558-9cd7-9c8fae0dc0a2
[2026-03-17T09:27:58.071Z] 🗑️ Termin gelöscht: 196e353b-9454-4960-ae9a-b936ce3c10bb
[2026-03-17T09:27:59.557Z] 🗑️ Termin gelöscht: 75bd0e67-2f5c-4ed4-9f20-f3c0cc14c20c
[2026-03-17T09:28:00.933Z] 🗑️ Termin gelöscht: a2a937c2-6362-4cb7-9153-968e08ca0bb7
[2026-03-17T09:28:02.467Z] 🗑️ Termin gelöscht: e4559208-6c8c-4db8-9401-76b20bc9f676
[2026-03-17T09:28:04.259Z] 🗑️ Termin gelöscht: 78b959ae-5f44-47fc-96b2-740d232bb667
[2026-03-17T09:28:05.889Z] 🗑️ Termin gelöscht: 4d25eb6e-3796-4c4d-a7a7-87791468a66c
[2026-03-17T09:28:07.258Z] 🗑️ Termin gelöscht: 3ed9ea3a-df47-4e6b-8ff5-57520639e8c6
[2026-03-17T09:28:09.045Z] 🗑️ Termin gelöscht: ab16370e-2730-4a2a-bb7b-58bbdc0e1823
[2026-03-17T09:28:10.752Z] 🗑️ Termin gelöscht: fde2f943-1b72-4484-8909-f117e5f0e26f
[2026-03-17T11:11:11.753Z] ✅ Twilio WhatsApp AKTIV
[2026-03-17T11:13:45.296Z] 📲 WhatsApp gesendet an whatsapp:+9163725632: SM49fe5eac36cb343fc44ca38299d6d02f
[2026-03-17T11:13:45.301Z] 📆 WhatsApp Reminder 24h geplant (2026-03-25T15:15:00.000Z)
[2026-03-17T11:13:45.302Z] 📆 WhatsApp Reminder 2h geplant (2026-03-26T13:15:00.000Z)
[2026-03-17T11:13:47.030Z] 📤 Mail gesendet an mmazur871@gmail.com: <78f16070-e5e8-3ad7-8590-23b93b382e7b@gmail.com>
[2026-03-17T11:41:33.113Z] ✅ Twilio WhatsApp AKTIV
[2026-03-17T11:50:35.072Z] ✅ Twilio WhatsApp AKTIV
[2026-03-17T12:03:31.850Z] ✅ Twilio WhatsApp AKTIV
[2026-03-17T12:09:06.426Z] 🗑️ Termin gelöscht: e7bafcdd-4439-42f6-b1e9-e3119526991a
[2026-03-17T12:09:08.186Z] 🗑️ Termin gelöscht: 4911d930-893d-4111-a134-93743b02573e
[2026-03-17T12:09:10.071Z] 🗑️ Termin gelöscht: 1741448f-ce82-4105-a062-30936f1d9b65
[2026-03-17T12:09:11.645Z] 🗑️ Termin gelöscht: 44404ca0-8315-4cb1-afd6-6467c853b5f4
[2026-03-17T12:09:13.909Z] 🗑️ Termin gelöscht: 0ae82e2b-0afe-4bf8-aa57-008a8de33d02
[2026-03-17T12:09:15.336Z] 🗑️ Termin gelöscht: 4996ef40-bbf7-4023-98f5-9f44951d8300
[2026-03-17T12:09:17.113Z] 🗑️ Termin gelöscht: 72ed5296-fde3-41c1-a21b-852f6cc250a0
[2026-03-17T12:09:19.240Z] 🗑️ Termin gelöscht: cf45b4dd-1b96-4aea-944c-9d4fcdbcc331
[2026-03-17T12:09:21.031Z] 🗑️ Termin gelöscht: 4721ada1-22b8-432d-b355-fd65ffabae77
[2026-03-17T12:09:22.583Z] 🗑️ Termin gelöscht: 5b4ee46e-3be9-4ed1-b10e-e83068efa981
[2026-03-17T12:09:24.105Z] 🗑️ Termin gelöscht: 4462ddfd-3d69-4c72-a00e-844513c05989
[2026-03-17T12:09:25.814Z] 🗑️ Termin gelöscht: e0d8ca2f-d70d-4700-a293-9d1804a8dd5d
[2026-03-17T12:09:44.044Z] ✅ Twilio WhatsApp AKTIV
[2026-03-18T07:56:03.044Z] ✅ Twilio WhatsApp AKTIV
[2026-03-18T08:03:25.521Z] ✅ Twilio WhatsApp AKTIV
[2026-03-18T08:03:50.725Z] 📲 WhatsApp gesendet an whatsapp:+491777875051: SMdccfd55a3dc252dd37d781ad5adeb758
[2026-03-18T08:03:50.731Z] 📆 WhatsApp Reminder 24h geplant (2026-03-24T14:15:00.000Z)
[2026-03-18T08:03:50.733Z] 📆 WhatsApp Reminder 2h geplant (2026-03-25T12:15:00.000Z)
[2026-03-18T08:03:52.722Z] 📤 Mail gesendet an mmazur871@gmail.com: <93463145-33bf-dabc-d0a8-40819893a511@gmail.com>
[2026-03-18T08:08:31.905Z] ✅ Twilio WhatsApp AKTIV
[2026-03-18T08:09:03.039Z] 📲 WhatsApp gesendet an whatsapp:+491777875051: SMca3140af8156d950a02f7608815b2fb4
[2026-03-18T08:09:03.046Z] 📆 WhatsApp Reminder 24h geplant (2026-03-24T13:30:00.000Z)
[2026-03-18T08:09:03.047Z] 📆 WhatsApp Reminder 2h geplant (2026-03-25T11:30:00.000Z)
[2026-03-18T08:09:04.872Z] 📤 Mail gesendet an mmazur871@gmail.com: <5ae163a6-c787-85f9-abf0-faabc9d0390e@gmail.com>
[2026-03-18T08:10:03.754Z] 📲 WhatsApp gesendet an whatsapp:+491777875051: SM5c03209071c4a4415cb710ec5518550a
[2026-03-18T08:31:35.448Z] 📲 WhatsApp gesendet an whatsapp:+491777875051: SM87ca9c34837accc5605ce1f2387292f9
[2026-03-18T08:31:35.451Z] 📆 WhatsApp Reminder 24h geplant (2026-03-19T14:15:00.000Z)
[2026-03-18T08:31:35.452Z] 📆 WhatsApp Reminder 2h geplant (2026-03-20T12:15:00.000Z)
[2026-03-18T08:31:37.494Z] 📤 Mail gesendet an mmazur871@gmail.com: <4a396f1d-f6d6-1c63-b2ff-37dd5394e5f7@gmail.com>
[2026-03-18T08:32:36.066Z] 📲 WhatsApp gesendet an whatsapp:+491777875051: SM4873450dbc6039d0f8805a7d100caafb
[2026-03-18T12:30:34.251Z] ✅ Twilio WhatsApp AKTIV
[2026-03-19T08:21:56.556Z] ✅ Twilio WhatsApp AKTIV
[2026-03-19T13:57:30.519Z] ✅ Twilio WhatsApp AKTIV
[2026-03-19T14:06:23.746Z] ✅ Twilio WhatsApp AKTIV
[2026-03-19T14:32:10.497Z] ✅ Twilio WhatsApp AKTIV
[2026-03-19T14:57:58.869Z] ✅ Twilio WhatsApp AKTIV
[2026-03-19T16:24:11.250Z] 📲 WhatsApp gesendet an whatsapp:+491777875051: SMab72adba3ff57fca8d3e26f60a9cc66e
[2026-03-19T16:24:11.267Z] 📆 WhatsApp Reminder 24h geplant (2026-03-24T14:15:00.000Z)
[2026-03-19T16:24:11.268Z] 📆 WhatsApp Reminder 2h geplant (2026-03-25T12:15:00.000Z)
[2026-03-19T16:24:14.518Z] 📤 Mail gesendet an mmazur871@gmail.com: <c99f6525-6641-8b40-9127-96c341f5d676@gmail.com>
[2026-03-19T17:42:08.012Z] ✅ Twilio WhatsApp AKTIV
[2026-03-19T17:59:02.697Z] ✅ Twilio WhatsApp AKTIV
[2026-03-19T18:11:04.021Z] ✅ Twilio WhatsApp AKTIV
[2026-03-19T18:54:36.468Z] ✅ Twilio WhatsApp AKTIV
[2026-03-19T19:13:05.297Z] ✅ Twilio WhatsApp AKTIV
[2026-03-19T19:42:44.350Z] ✅ Twilio WhatsApp AKTIV
[2026-03-20T07:22:22.729Z] ✅ Twilio WhatsApp AKTIV
[2026-03-20T07:32:34.564Z] ✅ Twilio WhatsApp AKTIV
[2026-03-20T08:08:33.007Z] ✅ Twilio WhatsApp AKTIV
[2026-03-20T08:09:27.007Z] 📲 WhatsApp gesendet an whatsapp:+491777875051: SM2628ac67b0feaa49611c3ce012cbcc7c
[2026-03-20T08:09:27.014Z] 📆 WhatsApp Reminder 24h geplant (2026-03-24T12:45:00.000Z)
[2026-03-20T08:09:27.015Z] 📆 WhatsApp Reminder 2h geplant (2026-03-25T10:45:00.000Z)
[2026-03-20T08:09:29.973Z] 📤 Mail gesendet an mmazur871@gmail.com: <5f17cdd9-0d9d-9fbe-f02d-9f7fff7b8ebe@gmail.com>
[2026-03-20T08:32:32.519Z] 📆 WhatsApp Reminder 2h geplant (2026-03-20T12:15:00.000Z)
[2026-03-20T08:32:36.303Z] 📤 Mail gesendet an mmazur871@gmail.com: <ca0ec631-fecc-c17a-1d0b-7d5ff59ddea7@gmail.com>
[2026-03-20T08:44:36.257Z] ✅ Twilio WhatsApp AKTIV
[2026-03-20T09:02:56.713Z] ✅ Twilio WhatsApp AKTIV
[2026-03-20T10:06:53.785Z] ✅ Twilio WhatsApp AKTIV
[2026-03-20T10:42:46.716Z] ✅ Twilio WhatsApp AKTIV
[2026-03-20T13:03:00.940Z] ✅ Twilio WhatsApp AKTIV
[2026-03-22T13:35:51.847Z] ✅ Twilio WhatsApp AKTIV
[2026-03-22T13:47:19.583Z] ✅ Twilio WhatsApp AKTIV
[2026-03-23T11:06:48.033Z] 📲 WhatsApp gesendet an whatsapp:+491777875051: SM11ddbf633ed10e22f1ff0910e7797ed5
[2026-03-23T11:06:48.042Z] 📆 WhatsApp Reminder 24h geplant (2026-03-23T14:00:00.000Z)
[2026-03-23T11:06:48.043Z] 📆 WhatsApp Reminder 2h geplant (2026-03-24T12:00:00.000Z)
[2026-03-23T11:06:51.249Z] 📤 Mail gesendet an mmazur871@gmail.com: <24273d29-9951-7b72-6eb3-0a1babb452e7@gmail.com>
[2026-03-23T12:35:09.814Z] 📲 WhatsApp gesendet an whatsapp:+49177875051: SMe468b987c6e3ff557db2f6e304eb860f
[2026-03-23T12:35:09.818Z] 📆 WhatsApp Reminder 24h geplant (2026-03-24T15:00:00.000Z)
[2026-03-23T12:35:09.819Z] 📆 WhatsApp Reminder 2h geplant (2026-03-25T13:00:00.000Z)
[2026-03-23T12:35:12.682Z] 📤 Mail gesendet an mmazur871@gmail.com: <13b81246-8a02-6150-ab76-142333768bf3@gmail.com>
[2026-03-23T12:36:35.261Z] 📆 WhatsApp Reminder 24h geplant (2026-03-24T13:30:00.000Z)
[2026-03-23T12:36:35.262Z] 📆 WhatsApp Reminder 2h geplant (2026-03-25T11:30:00.000Z)
[2026-03-23T12:36:38.056Z] 📤 Mail gesendet an mmazur871@gmail.com: <dfe93b45-e8ad-4eb7-14dd-04cebffce3f5@gmail.com>
[2026-03-23T14:03:06.555Z] 📆 WhatsApp Reminder 24h geplant (2026-03-24T09:45:00.000Z)
[2026-03-23T14:03:06.557Z] 📆 WhatsApp Reminder 2h geplant (2026-03-25T07:45:00.000Z)
[2026-03-23T14:03:08.938Z] 📤 Mail gesendet an mmazur871@gmail.com: <ea2dc4a9-13f9-d39c-4b87-d66bb03ed94b@gmail.com>
[2026-03-23T14:06:04.788Z] ✅ Twilio WhatsApp AKTIV
[2026-03-23T22:40:13.148Z] 📲 WhatsApp gesendet an whatsapp:+491777875051: SM8850d4d0d6b660cfce3c29ae88cd513b
[2026-03-23T22:40:13.162Z] 📆 WhatsApp Reminder 24h geplant (2026-03-24T09:00:00.000Z)
[2026-03-23T22:40:13.164Z] 📆 WhatsApp Reminder 2h geplant (2026-03-25T07:00:00.000Z)
[2026-03-23T22:40:16.762Z] 📤 Mail gesendet an mmazur871@gmail.com: <54dfe46b-9156-9973-b7b6-8391a7fdd480@gmail.com>
[2026-03-23T23:04:22.250Z] ✅ Twilio WhatsApp AKTIV
[2026-03-24T00:01:58.689Z] ✅ Twilio WhatsApp AKTIV
[2026-03-24T09:28:49.017Z] 📲 WhatsApp gesendet an whatsapp:+491777875051: SMf4cf61bbb64fd090672b3eea8c088795
[2026-03-24T09:35:10.091Z] 📲 WhatsApp gesendet an whatsapp:+491777875051: SM760f57cd3a82e5723cf23df279e0e97f
[2026-03-24T09:35:10.099Z] 📆 WhatsApp Reminder 24h geplant (2026-03-27T14:15:00.000Z)
[2026-03-24T09:35:10.100Z] 📆 WhatsApp Reminder 2h geplant (2026-03-28T12:15:00.000Z)
[2026-03-24T09:35:12.296Z] 📤 Mail gesendet an mmazur871@gmail.com: <fe3eff99-4a05-6880-3c58-8b598180b48f@gmail.com>
[2026-03-24T09:55:08.669Z] 📲 WhatsApp gesendet an whatsapp:+491770000001: SMe5e7f7b3dae4ddf94f4b44a6c5f2e2eb
[2026-03-24T10:12:28.593Z] 📲 WhatsApp gesendet an whatsapp:+491765552732344: SM31cbd27df31fd50764fed2ede6d10d6d
[2026-03-24T10:26:26.590Z] 📲 WhatsApp gesendet an whatsapp:+49173457253355: SM822a47f431c5cebd628c913a7c54f16e
[2026-03-24T11:36:05.874Z] ✅ Twilio WhatsApp AKTIV
[2026-03-24T11:39:06.237Z] 📲 WhatsApp gesendet an whatsapp:+491777875051: SM69085895d055e725db3cb0ea90b1f092
[2026-03-24T12:01:00.471Z] ✅ Twilio WhatsApp AKTIV
[2026-03-24T12:12:01.161Z] 📲 WhatsApp gesendet an whatsapp:+491777875051: SM1ce682728ce182031c810cdfdf7aecdc
[2026-03-24T12:45:29.787Z] ✅ Twilio WhatsApp AKTIV
[2026-03-24T12:49:30.348Z] 📲 WhatsApp gesendet an whatsapp:+491777875051: SMd7613ad75da8cb0c715e5e48f47206d0
[2026-03-24T12:57:47.124Z] ✅ Twilio WhatsApp AKTIV
[2026-03-24T13:00:17.696Z] 📲 WhatsApp gesendet an whatsapp:+491777875051: SM3e8bd2072a6ea95dd9628d1ec961929e
[2026-03-24T13:08:28.288Z] ✅ Twilio WhatsApp AKTIV
[2026-03-24T13:11:28.637Z] 📲 WhatsApp gesendet an whatsapp:+491777875051: SMd80102cc543b8881b76bfc8a78053ab4
[2026-03-24T13:13:58.766Z] 📲 WhatsApp gesendet an whatsapp:+491777875051: SMe7596975c04f0774290476b00b5b39a4
[2026-03-24T13:18:15.442Z] ✅ Twilio WhatsApp AKTIV
[2026-03-25T12:58:20.639Z] 📲 WhatsApp gesendet an whatsapp:+491777875051: SMe8afafe85f29fc027ddf2643621166ff
[2026-03-25T13:17:07.850Z] ✅ Twilio WhatsApp AKTIV
[2026-03-25T13:26:38.339Z] 📲 WhatsApp gesendet an whatsapp:+491777875051: SM3c33241e232e14a86a13840f9932f3e1
[2026-03-25T13:30:38.583Z] 📲 WhatsApp gesendet an whatsapp:+491777875051: SM87b9db9d3c31de63064c0e2e38977080
[2026-03-25T13:51:08.720Z] 📲 WhatsApp gesendet an whatsapp:+491777875051: SM7f82d67587c7b501b7d2bb18102b1e67
[2026-03-25T14:00:08.704Z] 📲 WhatsApp gesendet an whatsapp:+491777875051: SMd9cb76227dd92133c2e0dc924d2923eb
[2026-03-25T14:05:24.715Z] ✅ Twilio WhatsApp AKTIV
[2026-03-25T17:22:41.537Z] ✅ Twilio WhatsApp AKTIV
[2026-03-25T17:50:09.097Z] 🗑️ Termin gelöscht: 4444998a-7a9f-471a-8b2d-f462d367c2af
[2026-03-25T17:50:11.011Z] 🗑️ Termin gelöscht: f9e9a884-0a40-42df-a25e-aed445fd43a9
[2026-03-25T20:35:47.176Z] 📝 To-Do angelegt: rege (c607b446-80c0-4dbd-9e2e-d46eee32b0d8)
[2026-03-25T20:35:48.927Z] 🗑️ To-Do gelöscht: c607b446-80c0-4dbd-9e2e-d46eee32b0d8
[2026-03-25T20:43:00.223Z] 🗑️ Termin gelöscht: 9e9fad41-f67c-49a5-b212-89fb2de1db7a
[2026-03-25T20:43:01.991Z] 🗑️ Termin gelöscht: aea290a8-37bb-4cfe-a3d5-86e5972ca3c9
[2026-03-25T20:43:03.768Z] 🗑️ Termin gelöscht: c0b4db53-155f-4fb2-9439-d36862eb4c13
[2026-03-25T20:43:05.960Z] 🗑️ Termin gelöscht: 72def70b-03a9-42ff-871b-99240896d112
[2026-03-25T20:43:08.087Z] 🗑️ Termin gelöscht: 62f53683-504f-414f-903d-73f6458eaa21
[2026-03-25T20:43:12.024Z] 🗑️ Termin gelöscht: bb81ed4f-f343-461e-a36c-188018b9c4d5
[2026-03-25T20:43:14.688Z] 🗑️ Termin gelöscht: ba6a6610-e419-464c-a781-45195bcb8676
[2026-03-25T21:05:21.934Z] 🗑️ Termin gelöscht: b4fd92b8-b343-4573-9b84-ca02abb3a99c
[2026-03-25T21:05:23.944Z] 🗑️ Termin gelöscht: c7ef8853-c8ee-4b34-99fc-44cb40d9dded
[2026-03-25T21:05:25.872Z] 🗑️ Termin gelöscht: de4ba883-84d1-4c88-a913-23eafce4fa3c
[2026-03-25T21:05:28.768Z] 🗑️ Termin gelöscht: 5c7a80a1-8194-4e42-8626-2793d1c31cc3
[2026-03-25T21:05:31.182Z] 🗑️ Termin gelöscht: e87fec68-39c9-4378-9492-bcf4eb5adf0d
[2026-03-25T21:05:33.832Z] 🗑️ Termin gelöscht: 4c7046ba-7e45-4059-8f69-73e5b5547afb
[2026-03-25T21:20:08.046Z] 🗑️ Termin gelöscht: ea266b46-1315-459a-aba1-47e5f23b5a0f
[2026-03-25T21:20:14.523Z] 🗑️ Termin gelöscht: 7084ec84-4524-49ce-8384-b6eece06712f
[2026-03-25T21:20:24.571Z] 🗑️ Termin gelöscht: 0a3d0e35-54ba-42ef-abff-76f2504c9542
[2026-03-25T21:20:26.245Z] 🗑️ Termin gelöscht: 83524106-c526-4421-901f-71c3f021b57a
[2026-03-25T21:31:51.271Z] 🗑️ Termin gelöscht: 1c982d37-b257-4f6c-b0e1-bf36467d84fd
[2026-03-25T21:31:52.887Z] 🗑️ Termin gelöscht: 8f77bd8f-1699-4b36-b076-ce702d7b7932
[2026-03-25T21:32:01.253Z] 🗑️ Termin gelöscht: 4fdc9655-cacf-4190-968e-dd052d91987e
[2026-03-25T21:32:02.948Z] 🗑️ Termin gelöscht: 34c1c436-52e0-4f45-a44a-2d71291e1099
[2026-03-25T21:32:04.497Z] 🗑️ Termin gelöscht: 426182ee-7716-4fdf-851d-c25f872e1f24
[2026-03-25T21:32:05.916Z] 🗑️ Termin gelöscht: bb830e1c-5604-4057-ae49-cbcd9f6c45f6
[2026-03-26T14:33:33.837Z] ✅ Twilio WhatsApp AKTIV
[2026-03-26T14:37:04.243Z] 📲 WhatsApp gesendet an whatsapp:+491777875051: SM860c1ebe65fd674ad710c7c02c98970f
[2026-03-26T15:13:24.504Z] ✅ Twilio WhatsApp AKTIV
[2026-03-26T15:19:15.374Z] 📲 WhatsApp gesendet an whatsapp:+491777875051: SMc949339e9b5a542590228ffc7f1fe81b
[2026-03-26T15:19:15.381Z] 📆 WhatsApp Reminder 24h geplant (2026-03-31T13:15:00.000Z)
[2026-03-26T15:19:15.382Z] 📆 WhatsApp Reminder 2h geplant (2026-04-01T11:15:00.000Z)
[2026-03-26T15:19:18.204Z] 📤 Mail gesendet an mmazur871@gmail.com: <b4cb8851-6c47-6058-e8c3-7f8ba6af765b@gmail.com>
[2026-03-26T15:39:21.322Z] ✅ Twilio WhatsApp AKTIV
[2026-03-26T15:58:11.344Z] ✅ Twilio WhatsApp AKTIV
[2026-03-26T22:36:41.886Z] 📆 WhatsApp Reminder 24h geplant (2026-03-31T11:30:00.000Z)
[2026-03-26T22:36:41.889Z] 📆 WhatsApp Reminder 2h geplant (2026-04-01T09:30:00.000Z)
[2026-03-26T22:36:44.984Z] 📤 Mail gesendet an mmazur871@gmail.com: <99cce483-a9d7-f5a7-7e42-859858559ad3@gmail.com>
[2026-03-27T14:02:40.617Z] 📲 WhatsApp gesendet an whatsapp:+491777875051: SM8d94f92dc033ec8e7fecfd578d87db49
[2026-03-28T12:46:49.747Z] 📲 WhatsApp gesendet an whatsapp:+491777564565: SM8aaffab3e3c748d5ba1637944470435c
[2026-03-28T12:46:49.792Z] 📆 WhatsApp Reminder 24h geplant (2026-03-31T09:30:00.000Z)
[2026-03-28T12:46:49.794Z] 📆 WhatsApp Reminder 2h geplant (2026-04-01T07:30:00.000Z)
[2026-03-28T12:46:52.823Z] 📤 Mail gesendet an mmazur871@gmail.com: <9e9b2d0f-38d3-033e-17fe-6e164f2f294e@gmail.com>
[2026-03-30T06:45:37.027Z] 📲 WhatsApp gesendet an whatsapp:+491777875051: SMa5297f37a466bfbed834739ef103fe75
[2026-03-30T07:35:46.993Z] 📲 WhatsApp gesendet an whatsapp:+4917778346284: SM90f84e3b0c39681036d79cf09bff8abd
[2026-03-30T07:39:25.715Z] 📲 WhatsApp gesendet an whatsapp:+491735627643434: SMa3e4bd53929ff06eea78b0cca97a4c3f
[2026-03-30T07:54:21.925Z] 📲 WhatsApp gesendet an whatsapp:+4916372566733: SM521c0f9e20a07b5f46788394c417f367
[2026-03-30T07:56:39.305Z] ✅ Twilio WhatsApp AKTIV
[2026-03-30T08:01:20.547Z] ✅ Twilio WhatsApp AKTIV
[2026-03-30T08:10:31.969Z] 📲 WhatsApp gesendet an whatsapp:+8264782734678: SM87ef4a9eef79af3f694ca317a6146ef4
[2026-03-30T08:29:48.889Z] 📲 WhatsApp gesendet an whatsapp:+567543234: SMd47512e76bad9c071669d56793a4ca07
[2026-03-30T08:33:10.261Z] 📲 WhatsApp gesendet an whatsapp:+6543234567: SMcbcfcd95223faaa34702d0f7eb63388e
[2026-03-30T08:35:43.603Z] 📲 WhatsApp gesendet an whatsapp:+491777875051: SMaaf5a62190c88e4c6f6e3991c476974d
[2026-03-30T08:49:38.169Z] 📲 WhatsApp gesendet an whatsapp:+76543234567: SM0062fdf34cfe37deba3647cd2a446f71
[2026-03-30T08:49:38.190Z] 📆 WhatsApp Reminder 24h geplant (2026-03-30T14:00:00.000Z)
[2026-03-30T08:49:38.191Z] 📆 WhatsApp Reminder 2h geplant (2026-03-31T12:00:00.000Z)
[2026-03-30T08:49:41.657Z] 📤 Mail gesendet an mmazur871@gmail.com: <90b52d74-39b2-264e-fa0e-226449a906c3@gmail.com>
[2026-03-30T08:55:44.662Z] 📲 WhatsApp gesendet an whatsapp:+49177774343: SMd74636c2effc2cf443dc4621e1a1e76b
[2026-03-30T09:04:26.903Z] 📲 WhatsApp gesendet an whatsapp:+345678908765432: SM19d3b3de8298426024bca0d59fe92df1
[2026-03-30T09:04:30.154Z] 📤 Mail gesendet an mmazur871@gmail.com: <ad82fa9a-46d1-679c-4026-ccc5110c4831@gmail.com>
[2026-03-30T09:15:31.388Z] 📆 WhatsApp Reminder 24h geplant (2026-03-30T11:45:00.000Z)
[2026-03-30T09:15:31.389Z] 📆 WhatsApp Reminder 2h geplant (2026-03-31T09:45:00.000Z)
[2026-03-30T09:15:36.097Z] 📆 WhatsApp Reminder 24h geplant (2026-03-30T11:45:00.000Z)
[2026-03-30T09:15:36.099Z] 📆 WhatsApp Reminder 2h geplant (2026-03-31T09:45:00.000Z)
[2026-03-30T09:15:38.657Z] 📤 Mail gesendet an mmazur871@gmail.com: <8bddab9d-92f7-b471-a1a4-5f68e7ba5eaa@gmail.com>
[2026-03-30T09:15:40.368Z] 📤 Mail gesendet an mmazur871@gmail.com: <7a024c40-fe28-326d-fdff-69d515843203@gmail.com>
[2026-03-30T09:26:53.858Z] ✅ Twilio WhatsApp AKTIV
[2026-03-30T09:28:09.146Z] 📲 WhatsApp gesendet an whatsapp:+56786543: SM1be1b5bf4607d3237e94d5862b750af9
[2026-03-30T09:28:09.656Z] 📲 WhatsApp gesendet an whatsapp:+56786543: SMdd607816d898209b2e47cc6aff1f934c
[2026-03-30T09:28:10.317Z] 📤 Mail gesendet an mmazur871@gmail.com: <16d541be-1b19-a5df-cee2-abefdfc06f60@gmail.com>
[2026-03-30T09:31:45.856Z] 📲 WhatsApp gesendet an whatsapp:+45676543: SM6d34571ef38277c01f961cd7ce9dc786
[2026-03-30T09:32:30.880Z] 📲 WhatsApp gesendet an whatsapp:+4917362387433: SM57248277a3ea7fd3e46ca8088a3d1f6e
[2026-03-30T09:32:30.885Z] 📆 WhatsApp Reminder 24h geplant (2026-03-30T13:15:00.000Z)
[2026-03-30T09:32:30.886Z] 📆 WhatsApp Reminder 2h geplant (2026-03-31T11:15:00.000Z)
[2026-03-30T09:32:33.412Z] 📲 WhatsApp gesendet an whatsapp:+4917362387433: SM91f196a081eebb96d79a9a2f6b693b3f
[2026-03-30T09:32:33.414Z] 📆 WhatsApp Reminder 24h geplant (2026-03-30T13:15:00.000Z)
[2026-03-30T09:32:33.415Z] 📆 WhatsApp Reminder 2h geplant (2026-03-31T11:15:00.000Z)
[2026-03-30T09:32:33.749Z] 📤 Mail gesendet an mmazur871@gmail.com: <729bdd38-3850-052b-7c5d-8b8ba7e87ed6@gmail.com>
[2026-03-30T09:32:36.079Z] 📤 Mail gesendet an mmazur871@gmail.com: <22204380-1d10-ea43-887d-e26b388a7882@gmail.com>
[2026-03-30T10:06:59.581Z] 📲 WhatsApp gesendet an whatsapp:+456786543: SMe8e8a21008f44484da2c17a810d43204
[2026-03-30T10:06:59.587Z] 📆 WhatsApp Reminder 24h geplant (2026-03-30T10:15:00.000Z)
[2026-03-30T10:06:59.588Z] 📆 WhatsApp Reminder 2h geplant (2026-03-31T08:15:00.000Z)
[2026-03-30T10:07:02.342Z] 📤 Mail gesendet an mmazur871@gmail.com: <a322ba89-32be-e95d-f318-a33013981843@gmail.com>
[2026-03-30T10:10:05.127Z] 📲 WhatsApp gesendet an whatsapp:+567876543: SM97b59b6b14f7b546ecb11248e2ad6e5d
[2026-03-30T10:10:05.640Z] 📲 WhatsApp gesendet an whatsapp:+567876543: SM01415cc6cc6fee5a96950a7506d59e6c
[2026-03-30T10:10:06.672Z] 📤 Mail gesendet an mmazur871@gmail.com: <b1064508-9581-31a9-66e6-a35dbfe3c4ad@gmail.com>
[2026-03-30T10:14:43.658Z] 📲 WhatsApp gesendet an whatsapp:+497542211: SMeb0fc9adb2107defc33fdffaf10542b5
[2026-03-30T10:30:47.104Z] ✅ Twilio WhatsApp AKTIV
[2026-03-30T10:33:26.072Z] 📲 WhatsApp gesendet an whatsapp:+4932453244: SM7156fea6563924c4bd67643215476281
[2026-03-30T10:33:26.078Z] 📆 WhatsApp Reminder 2h geplant (2026-03-31T05:00:00.000Z)
[2026-03-30T10:33:29.173Z] 📤 Mail gesendet an mmazur871@gmail.com: <86d4f0ee-ca17-baac-6035-778b2af0d391@gmail.com>
[2026-03-30T10:35:40.327Z] 📆 WhatsApp Reminder 24h geplant (2026-03-30T15:00:00.000Z)
[2026-03-30T10:35:40.328Z] 📆 WhatsApp Reminder 2h geplant (2026-03-31T13:00:00.000Z)
[2026-03-30T10:35:43.136Z] 📤 Mail gesendet an mmazur871@gmail.com: <3b58cbfb-7a34-4fd2-136c-53813577f37a@gmail.com>
[2026-03-30T10:39:09.420Z] 📲 WhatsApp gesendet an whatsapp:+678765432: SM259972721b222b43644909c4d59a810b
[2026-03-30T10:39:15.924Z] 📤 Mail gesendet an mmazur871@gmail.com: <89324a23-6a1d-7baf-e800-496a87bf6033@gmail.com>
[2026-03-30T10:41:47.628Z] 📲 WhatsApp gesendet an whatsapp:+567876543: SM35c75eb9b358a5bc24b985280101d02e
[2026-03-30T10:41:47.632Z] 📆 WhatsApp Reminder 24h geplant (2026-04-28T14:00:00.000Z)
[2026-03-30T10:41:47.632Z] 📆 WhatsApp Reminder 2h geplant (2026-04-29T12:00:00.000Z)
[2026-03-30T10:41:48.192Z] 📲 WhatsApp gesendet an whatsapp:+567876543: SMbb0203b6aa87346b8461e1bfddf56b7d
[2026-03-30T10:41:49.816Z] 📤 Mail gesendet an mmazur871@gmail.com: <9952fd89-f6f1-18e4-5ed1-0024f41170e6@gmail.com>
[2026-03-30T10:43:07.930Z] 📲 WhatsApp gesendet an whatsapp:+4567876543: SM00a0c5c3f9d01c1b6c7d8021483790f5
[2026-03-30T10:43:10.577Z] 📤 Mail gesendet an mmazur871@gmail.com: <25baa25e-5e01-6d88-573e-6ce59a1b4fbc@gmail.com>
[2026-03-30T10:57:44.051Z] 📲 WhatsApp gesendet an whatsapp:+6543234567: SMd62f0299bb3a5a90418e5a690ff2b6cc
[2026-03-30T10:57:47.116Z] 📤 Mail gesendet an mmazur871@gmail.com: <3903cdd1-8c6e-2c7b-5355-ad9f2765ffd0@gmail.com>
[2026-03-30T10:59:54.363Z] 📲 WhatsApp gesendet an whatsapp:+49145676543: SM9aa44efe504c9c18120a79b8cfb52856
[2026-03-30T10:59:54.367Z] 📆 WhatsApp Reminder 2h geplant (2026-03-31T07:00:00.000Z)
[2026-03-30T10:59:57.003Z] 📤 Mail gesendet an mmazur871@gmail.com: <103427b2-4ddf-4b9e-58f3-dfe07a0cba89@gmail.com>
[2026-03-30T11:09:55.180Z] ✅ Twilio WhatsApp AKTIV
[2026-03-30T11:10:58.169Z] 📲 WhatsApp gesendet an whatsapp:+4567865432: SM73218a6197c57f05391212226f7b26c2
[2026-03-30T11:11:01.159Z] 📤 Mail gesendet an mmazur871@gmail.com: <d1a3561d-c4b8-a065-6952-1c49fe1033ce@gmail.com>
[2026-03-30T11:12:12.918Z] 📲 WhatsApp gesendet an whatsapp:+45676543: SMc94db20d915cf15b842a0e833c1edf6a
[2026-03-30T11:12:15.792Z] 📤 Mail gesendet an mmazur871@gmail.com: <21848ffe-a61a-aa36-5b93-959752fe6e3b@gmail.com>
[2026-03-30T11:23:42.017Z] 🗑️ Termin gelöscht: 27d35d39-087f-43f9-ac14-f09bf1cf807c
[2026-03-30T11:23:43.753Z] 🗑️ Termin gelöscht: 08901c93-0682-48a9-b24e-983997f9edcb
[2026-03-30T11:23:45.477Z] 🗑️ Termin gelöscht: 29c63fd2-8a04-4b2d-8380-b613492c23a3
[2026-03-30T11:23:47.285Z] 🗑️ Termin gelöscht: e56841cd-3df8-4092-b188-b23f60f8f65c
[2026-03-30T11:23:48.915Z] 🗑️ Termin gelöscht: 335ec3ab-bfab-4353-8535-a3e981aac9ed
[2026-03-30T11:23:50.478Z] 🗑️ Termin gelöscht: 2d00beeb-c609-4be6-9e76-6ef1f5b93b51
[2026-03-30T11:23:51.988Z] 🗑️ Termin gelöscht: 5ba499fb-be93-49af-a351-07f5eb9e5724
[2026-03-30T11:23:54.963Z] 🗑️ Termin gelöscht: 8a39e680-d0d2-4992-9605-3a39f77b73d4
[2026-03-30T11:23:57.401Z] 🗑️ Termin gelöscht: d93c482b-918d-4880-aec8-52f9ecf53d11
[2026-03-30T11:23:59.310Z] 🗑️ Termin gelöscht: 6c119694-cadb-411b-8a73-2d1a91b4968f
[2026-03-30T11:24:00.885Z] 🗑️ Termin gelöscht: 02470095-6323-4244-9e02-7f54c8857d72
[2026-03-30T11:24:02.683Z] 🗑️ Termin gelöscht: d40bd986-0cd0-4442-961e-da1f6cdab008
[2026-03-30T11:24:04.695Z] 🗑️ Termin gelöscht: d2be5d98-b618-419c-ab8f-c560b3fd97f9
[2026-03-30T11:24:06.557Z] 🗑️ Termin gelöscht: 6296eb85-8c53-4183-a986-c4fe05be22b5
[2026-03-30T11:24:08.076Z] 🗑️ Termin gelöscht: 780241f2-6efb-4bf1-ada1-504293f24903
[2026-03-30T11:24:09.805Z] 🗑️ Termin gelöscht: df26cfd2-a84e-47d3-a64a-f5249e2f0f45
[2026-03-30T11:24:11.321Z] 🗑️ Termin gelöscht: c5260170-853e-4101-bebf-5c5b06387372
[2026-03-30T11:31:26.255Z] 📲 WhatsApp gesendet an whatsapp:+491777875051: SMc89539e5635733e0607f1e401fad941a
[2026-03-30T11:37:39.213Z] ✅ Twilio WhatsApp AKTIV
[2026-03-30T12:05:42.958Z] ✅ Twilio WhatsApp AKTIV
[2026-03-30T13:11:21.909Z] 📤 Mail gesendet an mmazur871@gmail.com: <c665f7fa-8f75-f423-08f2-6cc067d5ba30@gmail.com>
[2026-03-30T13:14:48.445Z] ✅ Twilio WhatsApp AKTIV
[2026-03-30T13:40:54.445Z] ✅ Twilio WhatsApp AKTIV
[2026-03-30T13:54:42.219Z] ✅ Twilio WhatsApp AKTIV
[2026-03-30T21:26:00.446Z] ✅ Twilio WhatsApp AKTIV
[2026-03-30T21:29:52.533Z] ✅ Twilio WhatsApp AKTIV
[2026-03-30T21:39:58.270Z] ✅ Twilio WhatsApp AKTIV
[2026-03-30T21:45:37.407Z] 🗑️ Termin gelöscht: 30b1a35e-0fca-4b29-88f6-aaeb5ab4e972
[2026-03-30T21:45:39.097Z] 🗑️ Termin gelöscht: 3f825d29-cdf7-4a65-afae-fefee0f16aaf
[2026-03-30T21:45:40.657Z] 🗑️ Termin gelöscht: deeaf84b-0bfa-43c0-acdd-6b8ffc4f43d8
[2026-03-30T21:45:42.442Z] 🗑️ Termin gelöscht: 98e20c0e-65f6-4d3f-87e3-308718ccc596
[2026-03-30T21:45:44.299Z] 🗑️ Termin gelöscht: 8292ad06-407e-408b-ae1e-29b0a2347dd3
[2026-03-30T21:45:45.786Z] 🗑️ Termin gelöscht: cc13b10d-1333-4d09-a580-e60a7e9e0618
[2026-03-30T21:45:47.359Z] 🗑️ Termin gelöscht: e326c668-9975-4cf9-8d7f-2fa40ae1cf32
[2026-03-30T21:45:49.074Z] 🗑️ Termin gelöscht: 8858bffe-4c44-4161-8c42-85d4a6d4807e
[2026-03-30T22:15:02.775Z] ✅ Twilio WhatsApp AKTIV
[2026-03-30T22:16:43.473Z] 📆 WhatsApp Reminder 24h geplant (2026-03-31T14:00:00.000Z)
[2026-03-30T22:16:43.474Z] 📆 WhatsApp Reminder 2h geplant (2026-04-01T12:00:00.000Z)
[2026-03-30T22:16:46.090Z] 📤 Mail gesendet an mmazur871@gmail.com: <17542a17-52e7-9b5a-f1b4-734711d2c794@gmail.com>
[2026-03-30T22:21:30.591Z] ✅ Twilio WhatsApp AKTIV
[2026-03-30T22:36:53.747Z] 📆 WhatsApp Reminder 24h geplant (2026-05-20T13:15:00.000Z)
[2026-03-30T22:36:53.749Z] 📆 WhatsApp Reminder 2h geplant (2026-05-21T11:15:00.000Z)
[2026-03-30T22:36:56.094Z] 📤 Mail gesendet an mmazur871@gmail.com: <25851391-0762-37f0-b26d-09a5c3606a99@gmail.com>
[2026-03-30T22:38:05.628Z] 📆 WhatsApp Reminder 24h geplant (2026-04-01T14:00:00.000Z)
[2026-03-30T22:38:05.629Z] 📆 WhatsApp Reminder 2h geplant (2026-04-02T12:00:00.000Z)
[2026-03-30T22:38:08.286Z] 📤 Mail gesendet an mmazur871@gmail.com: <f0c5a767-2258-1378-c2fb-315829b46e17@gmail.com>
[2026-03-30T22:41:54.776Z] 📤 Mail gesendet an mmazur871@gmail.com: <f1674641-ad92-7d69-4b8f-b4e2dcb09a9d@gmail.com>
[2026-03-31T08:10:20.922Z] 📲 WhatsApp gesendet an whatsapp:+345678765432: SM5e196057b4a54c7db63a61134ddabdec
[2026-03-31T08:10:20.964Z] 📆 WhatsApp Reminder 24h geplant (2026-03-31T09:00:00.000Z)
[2026-03-31T08:10:20.965Z] 📆 WhatsApp Reminder 2h geplant (2026-04-01T07:00:00.000Z)
[2026-03-31T08:10:24.039Z] 📤 Mail gesendet an mmazur871@gmail.com: <b9d6dfac-9879-e751-3524-658e4d223056@gmail.com>
[2026-03-31T08:17:43.785Z] 📲 WhatsApp gesendet an whatsapp:+345676543: SMca41765f91ffe5c409a92cfa97cd3f3b
[2026-03-31T08:20:33.772Z] 📲 WhatsApp gesendet an whatsapp:+234565432: SM165d1f2f30165860140272bae5df1147
[2026-03-31T08:23:04.913Z] 📲 WhatsApp gesendet an whatsapp:+45675434554: SMa0823efcc5b51788848e3047953c0d20
[2026-03-31T08:23:04.916Z] 📆 WhatsApp Reminder 24h geplant (2026-03-31T11:30:00.000Z)
[2026-03-31T08:23:04.916Z] 📆 WhatsApp Reminder 2h geplant (2026-04-01T09:30:00.000Z)
[2026-03-31T08:23:07.781Z] 📤 Mail gesendet an mmazur871@gmail.com: <e18df3d8-01ca-cccf-1710-a379599fab4b@gmail.com>
[2026-03-31T09:12:35.174Z] ✅ Twilio WhatsApp AKTIV
[2026-03-31T09:18:19.854Z] 📲 WhatsApp gesendet an whatsapp:+345675434567: SMaa876a6de20adf77c027ae668d03a31f
[2026-03-31T09:25:05.652Z] 📲 WhatsApp gesendet an whatsapp:+3456786543: SMbd44fa211747c9843eab51938790b62c
[2026-03-31T09:25:05.658Z] 📆 WhatsApp Reminder 24h geplant (2026-04-01T15:00:00.000Z)
[2026-03-31T09:25:05.659Z] 📆 WhatsApp Reminder 2h geplant (2026-04-02T13:00:00.000Z)
[2026-03-31T09:25:08.418Z] 📤 Mail gesendet an mmazur871@gmail.com: <3c2b3965-3248-3b37-38c0-33e37f32b515@gmail.com>
[2026-03-31T09:29:47.972Z] 📲 WhatsApp gesendet an whatsapp:+567865434554: SM2b7c947fac1e4b49c4e5521cab93eafd
[2026-03-31T09:47:28.316Z] ✅ Twilio WhatsApp AKTIV
[2026-03-31T09:48:06.527Z] 📲 WhatsApp gesendet an whatsapp:+45675432: SMe3b3fa0ccd28eedfbdcedb481191be5b
[2026-03-31T09:48:06.532Z] 📆 WhatsApp Reminder 2h geplant (2026-04-01T06:00:00.000Z)
[2026-03-31T09:48:08.703Z] 📤 Mail gesendet an mmazur871@gmail.com: <6a672d44-d312-0628-8b6a-4c0b5ec5d5cb@gmail.com>
[2026-03-31T09:49:25.383Z] 📲 WhatsApp gesendet an whatsapp:+4567897654: SMb5e82f34ef91944a2ec4b0167cd86acc
[2026-03-31T09:49:25.385Z] 📆 WhatsApp Reminder 24h geplant (2026-05-02T09:00:00.000Z)
[2026-03-31T09:49:25.386Z] 📆 WhatsApp Reminder 2h geplant (2026-05-03T07:00:00.000Z)
[2026-03-31T09:49:25.709Z] 📲 WhatsApp gesendet an whatsapp:+4567897654: SM6fa1f3e0c82f2ba599be4354dffc8d4c
[2026-03-31T09:49:28.337Z] 📤 Mail gesendet an mmazur871@gmail.com: <4df2839e-b590-1019-df1e-9e847c9446c7@gmail.com>
[2026-03-31T10:30:35.103Z] ✅ Twilio WhatsApp AKTIV
[2026-03-31T10:32:36.608Z] 📲 WhatsApp gesendet an whatsapp:+345678765432: SM5bba4d04dc931735eda032240c5acd0e
[2026-03-31T10:32:36.614Z] 📆 WhatsApp Reminder 24h geplant (2026-03-31T12:30:00.000Z)
[2026-03-31T10:32:36.615Z] 📆 WhatsApp Reminder 2h geplant (2026-04-01T10:30:00.000Z)
[2026-03-31T10:32:41.138Z] 📤 Mail gesendet an mmazur871@gmail.com: <03d19017-11db-5d88-f725-bd1f7a44e3a2@gmail.com>
[2026-03-31T10:33:21.688Z] 📲 WhatsApp gesendet an whatsapp:+567654345: SM7194e8c3bbff07f6da13383c6831a9ea
[2026-03-31T10:33:21.691Z] 📆 WhatsApp Reminder 24h geplant (2026-04-01T12:30:00.000Z)
[2026-03-31T10:33:21.691Z] 📆 WhatsApp Reminder 2h geplant (2026-04-02T10:30:00.000Z)
[2026-03-31T10:33:24.413Z] 📤 Mail gesendet an mmazur871@gmail.com: <b452b4da-bfea-95ba-273d-e750d757e095@gmail.com>
[2026-03-31T10:34:41.049Z] 📲 WhatsApp gesendet an whatsapp:+456786543: SMf86610ad68c91f85839cd4371daa3c4e
[2026-03-31T10:34:41.052Z] 📆 WhatsApp Reminder 24h geplant (2026-04-02T14:45:00.000Z)
[2026-03-31T10:34:41.053Z] 📆 WhatsApp Reminder 2h geplant (2026-04-03T12:45:00.000Z)
[2026-03-31T10:34:43.814Z] 📤 Mail gesendet an mmazur871@gmail.com: <0f65b8c4-0022-63df-d79f-91ba7667ecfb@gmail.com>
[2026-03-31T10:38:05.542Z] 📲 WhatsApp gesendet an whatsapp:+491777875051: SMf4e46229321341508b282087ec20cbf6
[2026-03-31T11:16:44.968Z] ✅ Twilio WhatsApp AKTIV
[2026-03-31T11:17:07.348Z] 📲 WhatsApp gesendet an whatsapp:+49235678765432: SM79767ae2d621c29c7555dd6e9c3cd164
[2026-03-31T11:17:07.355Z] 📆 WhatsApp Reminder 24h geplant (2026-03-31T15:00:00.000Z)
[2026-03-31T11:17:07.355Z] 📆 WhatsApp Reminder 2h geplant (2026-04-01T13:00:00.000Z)
[2026-03-31T11:17:09.778Z] 📤 Mail gesendet an mmazur871@gmail.com: <d9de0e8f-304b-bc5a-a86a-835deab04cb8@gmail.com>
[2026-03-31T11:17:29.771Z] 📤 Mail gesendet an mmazur871@gmail.com: <6d33449f-364c-c5fd-e151-e768328a4ee9@gmail.com>
[2026-03-31T11:22:45.992Z] 📲 WhatsApp gesendet an whatsapp:+678765432: SM15baafcfec715e11cd7fee3a5afae4a4
[2026-03-31T11:22:46.090Z] 📲 WhatsApp gesendet an whatsapp:+456786543: SM0c855722f9e467451ebf35c8ec63931a
[2026-03-31T11:22:46.096Z] 📆 WhatsApp Reminder 24h geplant (2026-03-31T15:00:00.000Z)
[2026-03-31T11:22:46.097Z] 📆 WhatsApp Reminder 2h geplant (2026-04-01T13:00:00.000Z)
[2026-03-31T11:22:48.567Z] 📤 Mail gesendet an mmazur871@gmail.com: <08261428-7493-b0f7-8d3b-8aeb77938cce@gmail.com>
[2026-03-31T11:29:56.064Z] ✅ Twilio WhatsApp AKTIV
[2026-03-31T11:34:43.919Z] 📲 WhatsApp gesendet an whatsapp:+34567865432: SM085f95f39c40a3221f74b0f1fdbb5b1c
[2026-03-31T11:38:52.169Z] ✅ Twilio WhatsApp AKTIV
[2026-03-31T11:42:30.006Z] 📲 WhatsApp gesendet an whatsapp:+5678765435678: SM4a87e7bac60a10e97248a17c2ac27810
[2026-03-31T12:03:38.697Z] 📲 WhatsApp gesendet an whatsapp:+345678765432: SM081c781dd1f46cb4162aab9617e07abe
[2026-03-31T12:08:04.827Z] 📲 WhatsApp gesendet an whatsapp:+345678976543: SM1bc4c033f2fe3dedc4ea7e878b549c80
[2026-03-31T12:08:49.879Z] ✅ Twilio WhatsApp AKTIV
[2026-03-31T12:12:28.819Z] 📲 WhatsApp gesendet an whatsapp:+34567876543: SMaeb85d7df613fa9013a9801805e52f81
[2026-03-31T12:36:07.892Z] 📲 WhatsApp gesendet an whatsapp:+34565434567543: SMaf37e83361bbf5cedd6853259c5f48f5
[2026-03-31T12:36:07.906Z] 📆 WhatsApp Reminder 24h geplant (2026-04-01T09:15:00.000Z)
[2026-03-31T12:36:07.907Z] 📆 WhatsApp Reminder 2h geplant (2026-04-02T07:15:00.000Z)
[2026-03-31T12:36:10.891Z] 📤 Mail gesendet an mmazur871@gmail.com: <3e117fe5-0d82-b659-09be-771ceb6394bf@gmail.com>
[2026-03-31T12:36:27.500Z] 📤 Mail gesendet an mmazur871@gmail.com: <70ed289e-8ef8-11de-9201-e66011717a1f@gmail.com>
[2026-03-31T12:45:31.165Z] ✅ Twilio WhatsApp AKTIV
[2026-03-31T12:49:13.102Z] 📲 WhatsApp gesendet an whatsapp:+3456787654: SMd4b1acf1f1af2517eaf6e90bc6087b0f
[2026-03-31T12:52:23.746Z] ✅ Twilio WhatsApp AKTIV
[2026-03-31T12:56:16.101Z] 📲 WhatsApp gesendet an whatsapp:+234567654323456: SMdb689a743c41c8c49d7325a6943b4c94
[2026-03-31T13:16:25.880Z] 📲 WhatsApp gesendet an whatsapp:+3456765432: SM77d86fa08e9edc70ad7d45f0820338cb
[2026-03-31T13:20:49.264Z] ✅ Twilio WhatsApp AKTIV
[2026-03-31T13:21:12.807Z] 📲 WhatsApp gesendet an whatsapp:+4917753845634: SM8f17b420f8ea9b4dd807a869187fa346
[2026-03-31T13:21:12.812Z] 📆 WhatsApp Reminder 24h geplant (2026-03-31T15:00:00.000Z)
[2026-03-31T13:21:12.813Z] 📆 WhatsApp Reminder 2h geplant (2026-04-01T13:00:00.000Z)
[2026-03-31T13:21:16.181Z] 📤 Mail gesendet an mmazur871@gmail.com: <1bb5be89-7849-f3c7-9287-1b8cfc209b49@gmail.com>
[2026-03-31T13:34:44.032Z] 📲 WhatsApp gesendet an whatsapp:+4567876543: SM48158aa90c784fc08fcaaaccceb416e0
[2026-04-01T06:21:57.973Z] 📲 WhatsApp gesendet an whatsapp:+678976543: SM4292703947dc937f8e3fbc9ee9370916
[2026-04-01T06:21:57.987Z] 📆 WhatsApp Reminder 24h geplant (2026-04-01T07:00:00.000Z)
[2026-04-01T06:21:57.989Z] 📆 WhatsApp Reminder 2h geplant (2026-04-02T05:00:00.000Z)
[2026-04-01T06:22:00.688Z] 📤 Mail gesendet an mmazur871@gmail.com: <ebbf5fda-a706-834a-c504-e1d4a47a5a4e@gmail.com>
[2026-04-01T06:35:32.775Z] 📲 WhatsApp gesendet an whatsapp:+345676543: SMdad9256ad1edf02621d8815a67aa2bea
[2026-04-01T08:46:06.291Z] ✅ Twilio WhatsApp AKTIV
[2026-04-01T08:47:15.936Z] 📲 WhatsApp gesendet an whatsapp:+23456765434567: SM5da3fed02db260efaf98f452089482a3
[2026-04-01T08:47:15.942Z] 📆 WhatsApp Reminder 24h geplant (2026-04-01T15:00:00.000Z)
[2026-04-01T08:47:15.943Z] 📆 WhatsApp Reminder 2h geplant (2026-04-02T13:00:00.000Z)
[2026-04-01T08:47:18.382Z] 📤 Mail gesendet an mmazur871@gmail.com: <e906fffe-e162-d579-6ffa-f95f81d4d9bd@gmail.com>
[2026-04-01T08:51:20.974Z] 📲 WhatsApp gesendet an whatsapp:+456543456754: SMf846a67363c1fe26bd2b8ac0f813cf9e
[2026-04-01T09:20:42.583Z] 📲 WhatsApp gesendet an whatsapp:+45678654345678: SMe7d96430009324407d852f989f481653
[2026-04-01T10:01:05.791Z] 📲 WhatsApp gesendet an whatsapp:+4567876543: SMd5746ab665a1c0bb1acf50e0b0af6f79
[2026-04-01T10:01:05.814Z] 📆 WhatsApp Reminder 24h geplant (2026-05-06T14:00:00.000Z)
[2026-04-01T10:01:05.815Z] 📆 WhatsApp Reminder 2h geplant (2026-05-07T12:00:00.000Z)
[2026-04-01T10:01:06.212Z] 📲 WhatsApp gesendet an whatsapp:+4567876543: SM510edc66901a3960d3e1ec25fb38db9b
[2026-04-01T10:01:09.390Z] 📤 Mail gesendet an mmazur871@gmail.com: <8c6f6af4-4e60-d582-9894-d11cd5530c41@gmail.com>
[2026-04-01T10:27:02.693Z] 📲 WhatsApp gesendet an whatsapp:+4567543456: SM484e23e1e9c64cecf3b6d14c88832e8a
[2026-04-01T10:53:38.438Z] 📲 WhatsApp gesendet an whatsapp:+345675432: SMfddb53f7f9e0f978fc8f301fc41fc5a3
[2026-04-02T23:34:56.947Z] 📲 WhatsApp gesendet an whatsapp:+23456765434567: SMfaafbd237d7190f0d493362dbfa129f9
[2026-04-07T14:34:10.039Z] ✅ Twilio WhatsApp AKTIV
[2026-04-07T14:44:26.504Z] ✅ Twilio WhatsApp AKTIV
[2026-04-07T15:03:27.592Z] ✅ Twilio WhatsApp AKTIV
[2026-04-07T15:07:17.751Z] ✅ Twilio WhatsApp AKTIV
[2026-04-07T15:14:41.644Z] ✅ Twilio WhatsApp AKTIV
[2026-04-07T15:17:12.303Z] 📲 WhatsApp gesendet an whatsapp:+491777875051: SM63b077afb104c74c08c9ddb5660d4c36
[2026-04-07T15:26:42.166Z] 📲 WhatsApp gesendet an whatsapp:+491777875051: SM9750982bc0ffc3bac627ac4f24e81f27
[2026-04-07T15:31:04.064Z] ✅ Twilio WhatsApp AKTIV
[2026-04-07T15:40:55.535Z] ✅ Twilio WhatsApp AKTIV
[2026-04-07T15:47:26.061Z] 📲 WhatsApp gesendet an whatsapp:+491777875051: SM60075e17c9b213cbf41a53b0be0c3d18
[2026-04-07T15:54:26.483Z] 📲 WhatsApp gesendet an whatsapp:+491777875051: SM025c9adbf91f5ff5eb8ffff39262bf65
[2026-04-07T16:03:26.235Z] 📲 WhatsApp gesendet an whatsapp:+491777875051: SMd0fdcd0d20bb374c77893ba2aed45e12
[2026-04-07T16:05:48.892Z] ✅ Twilio WhatsApp AKTIV
[2026-04-07T16:08:05.964Z] ✅ Twilio WhatsApp AKTIV
[2026-04-07T16:10:36.421Z] 📲 WhatsApp gesendet an whatsapp:+491777875051: SM75f46302481b07bcd3b829631476565c
[2026-04-08T16:24:12.879Z] 📲 WhatsApp gesendet an whatsapp:+491777875051: SM71c1f6310d4dbdf7c4fcca82baedb8dc
[2026-04-08T16:28:13.050Z] 📲 WhatsApp gesendet an whatsapp:+491777875051: SM9149bdaddaf8083ca0344d82ebb7f73d
[2026-04-08T16:32:13.077Z] 📲 WhatsApp gesendet an whatsapp:+491777875051: SM155899227282fca8a984bea271539fb2
[2026-04-08T16:32:40.140Z] ✅ Twilio WhatsApp AKTIV
[2026-04-08T16:35:32.213Z] ✅ Twilio WhatsApp AKTIV
[2026-04-08T16:45:49.858Z] ✅ Twilio WhatsApp AKTIV
[2026-04-08T17:18:50.055Z] 📆 WhatsApp Reminder 24h geplant (2026-04-21T14:00:00.000Z)
[2026-04-08T17:18:50.057Z] 📆 WhatsApp Reminder 2h geplant (2026-04-22T12:00:00.000Z)
[2026-04-08T17:18:53.228Z] 📤 Mail gesendet an mmazur871@gmail.com: <a92693ec-ebb0-807f-6496-f3270072e156@gmail.com>
[2026-04-08T17:19:29.895Z] 📆 WhatsApp Reminder 24h geplant (2026-04-15T14:00:00.000Z)
[2026-04-08T17:19:29.896Z] 📆 WhatsApp Reminder 2h geplant (2026-04-16T12:00:00.000Z)
[2026-04-08T17:19:32.648Z] 📤 Mail gesendet an mmazur871@gmail.com: <e50c74c3-53eb-27ee-8b09-b874b1cbe76b@gmail.com>
[2026-04-08T17:19:57.915Z] 📤 Mail gesendet an mmazur871@gmail.com: <b071b93e-a56e-8f72-5061-aae76b02f3da@gmail.com>
[2026-04-08T17:20:23.546Z] 📆 WhatsApp Reminder 2h geplant (2026-04-09T13:00:00.000Z)
[2026-04-08T17:20:25.944Z] 📤 Mail gesendet an mmazur871@gmail.com: <32f467ee-57f0-590f-36c3-1b91b2f23d52@gmail.com>
[2026-04-09T14:34:12.657Z] ✅ Twilio WhatsApp AKTIV
[2026-04-09T15:04:42.138Z] ✅ Twilio WhatsApp AKTIV
[2026-04-09T15:13:41.320Z] ✅ Twilio WhatsApp AKTIV
[2026-04-09T15:22:09.750Z] ✅ Twilio WhatsApp AKTIV
[2026-04-09T15:29:19.382Z] ✅ Twilio WhatsApp AKTIV
[2026-04-09T15:33:57.225Z] ✅ Twilio WhatsApp AKTIV
[2026-04-09T15:35:49.169Z] ✅ Twilio WhatsApp AKTIV
[2026-04-09T15:39:53.995Z] ✅ Twilio WhatsApp AKTIV
[2026-04-09T15:43:50.441Z] ✅ Twilio WhatsApp AKTIV
[2026-04-09T16:01:18.054Z] ✅ Twilio WhatsApp AKTIV
[2026-04-09T16:06:30.233Z] ✅ Twilio WhatsApp AKTIV
[2026-04-09T16:11:48.910Z] ✅ Twilio WhatsApp AKTIV
[2026-04-09T16:15:31.442Z] ✅ Twilio WhatsApp AKTIV
[2026-04-09T16:19:34.661Z] ✅ Twilio WhatsApp AKTIV
[2026-04-09T16:35:50.651Z] ✅ Twilio WhatsApp AKTIV
[2026-04-09T16:40:51.271Z] 📲 WhatsApp gesendet an whatsapp:+491777875051: SM527fbc3ae710777116ee6a283bdf072d
[2026-04-09T16:44:43.960Z] ✅ Twilio WhatsApp AKTIV
[2026-04-09T16:45:31.338Z] ✅ Twilio WhatsApp AKTIV
[2026-04-09T16:47:45.113Z] ✅ Twilio WhatsApp AKTIV
[2026-04-11T05:52:27.882Z] ✅ Twilio WhatsApp AKTIV
[2026-04-12T06:02:56.403Z] ✅ Twilio WhatsApp AKTIV
[2026-04-12T06:05:57.085Z] 📲 WhatsApp gesendet an whatsapp:+491777875051: SM7be4c2a52ba6e66da3fa2b6850ff7913
[2026-04-12T06:09:03.444Z] ✅ Twilio WhatsApp AKTIV
[2026-04-12T06:12:04.255Z] 📲 WhatsApp gesendet an whatsapp:+491777875051: SM42f697b1e70ca32348a4dfb0bfb9900c
[2026-04-12T06:31:57.913Z] ✅ Twilio WhatsApp AKTIV
[2026-04-12T06:34:59.019Z] 📲 WhatsApp gesendet an whatsapp:+491777875051: SMdbbe133edde2a7d319a8ba2718ca3dc8
[2026-04-12T06:43:11.676Z] ✅ Twilio WhatsApp AKTIV
[2026-04-12T07:11:06.078Z] 🗑️ Termin gelöscht: b3a3ece0-cb3e-4a5a-b28b-580eca65e602
[2026-04-12T07:11:17.236Z] 🗑️ Termin gelöscht: 9f8f4bfa-c65c-4440-9bec-0cc45ecca677
[2026-04-12T07:11:21.768Z] 🗑️ Termin gelöscht: d9479a8a-bc71-4bdf-826a-40e28cda5a64
[2026-04-12T07:11:25.650Z] 🗑️ Termin gelöscht: 7f8bd7f8-5a47-44ad-8336-c246a28d0732
[2026-04-12T07:11:28.100Z] 🗑️ Termin gelöscht: d4ee9c52-2fd9-464a-b309-bc2982a5b933
[2026-04-12T07:11:31.137Z] 🗑️ Termin gelöscht: baf78879-0234-4ed7-97f8-31cf38d5ce28
[2026-04-12T07:11:33.778Z] 🗑️ Termin gelöscht: 7d2fdfd2-55cd-4a00-b145-8f6ae82416f7
[2026-04-12T07:11:36.569Z] 🗑️ Termin gelöscht: c3392d3c-2c34-4d89-95dd-763ecab1cdc6
[2026-04-12T07:11:53.657Z] 🗑️ Termin gelöscht: 4e647b29-cd60-4f01-b209-8b54271c6bcc
[2026-04-12T07:11:55.938Z] 🗑️ Termin gelöscht: cb495124-f8bc-4f53-a9f0-90033e87f3a9
[2026-04-12T07:11:57.954Z] 🗑️ Termin gelöscht: b0714ced-ec07-486e-a606-2da9d01128d6
[2026-04-12T07:12:00.137Z] 🗑️ Termin gelöscht: 823b6b48-854b-4e6a-a461-4eb8c134313d
[2026-04-12T07:12:02.387Z] 🗑️ Termin gelöscht: d530866f-5915-453a-85ce-aedc013cec13
[2026-04-12T07:12:04.667Z] 🗑️ Termin gelöscht: fd1afd4f-216e-4d29-940f-552b2635396b
[2026-04-12T07:12:07.292Z] 🗑️ Termin gelöscht: 0c369687-69f5-4c78-b119-c7b7022f11aa
[2026-04-12T07:12:09.603Z] 🗑️ Termin gelöscht: 015755c2-6956-488f-8fbd-4730ad812351
[2026-04-12T07:12:16.600Z] 🗑️ Termin gelöscht: 4033e063-7a9f-43fd-b1ce-812a05569cf9
[2026-04-12T07:12:19.489Z] 🗑️ Termin gelöscht: 196f79e1-58c4-4472-86f3-27b79d50115e
[2026-04-12T07:12:21.642Z] 🗑️ Termin gelöscht: 3c097405-cd8f-483e-9641-a9c27ccfdae6
[2026-04-12T07:12:23.363Z] 🗑️ Termin gelöscht: 559215be-49cb-40cb-a175-0fb140b2b751
[2026-04-12T07:12:25.858Z] 🗑️ Termin gelöscht: 97391de7-10c7-4956-ad6e-d8962b899cea
[2026-04-12T07:12:28.043Z] 🗑️ Termin gelöscht: 5d17dfd3-d6ec-4bba-a9f1-e16e8825691a
[2026-04-12T07:12:30.090Z] 🗑️ Termin gelöscht: 44be4d28-77d9-4bdc-97e6-507822c23ec9
[2026-04-12T07:12:32.003Z] 🗑️ Termin gelöscht: 199fa888-10ea-47ba-934c-f16b8689975a
[2026-04-12T07:12:34.026Z] 🗑️ Termin gelöscht: d385ab16-e133-4691-a227-eca2b386ad1e
[2026-04-12T07:12:36.242Z] 🗑️ Termin gelöscht: fb342a8f-9bb3-44ec-9a62-be803ad6b205
[2026-04-12T07:12:47.042Z] 🗑️ Termin gelöscht: 0ac40f81-dc90-40fa-bbd6-561cddebc3cc
[2026-04-12T07:12:48.731Z] 🗑️ Termin gelöscht: ed0862a1-5edf-4544-9907-da046251f377
[2026-04-12T07:12:51.618Z] 🗑️ Termin gelöscht: 02c29264-32ac-47d3-87eb-5cc1c7a8e1db
[2026-04-12T07:12:53.812Z] 🗑️ Termin gelöscht: 915eccf3-8e40-4fcb-97d6-ad05be3c2ed8
[2026-04-12T07:12:55.195Z] 🗑️ Termin gelöscht: 7e857f93-5f8a-4349-8953-883302a45dda
[2026-04-12T07:12:57.007Z] 🗑️ Termin gelöscht: 7412103c-09bb-490e-a315-535e2465ee69
[2026-04-12T07:12:58.881Z] 🗑️ Termin gelöscht: fbc3e96a-7915-42b2-a3b4-cdb0990f18ee
[2026-04-12T07:13:00.651Z] 🗑️ Termin gelöscht: 660df78c-9cdb-4a7d-9622-d851cf7a1b4c
[2026-04-12T07:13:02.180Z] 🗑️ Termin gelöscht: a36ab355-2388-4ce3-bded-b88e74db2472
[2026-04-12T07:13:04.140Z] 🗑️ Termin gelöscht: 668c2334-0428-4631-8e14-5e9b8a80f69d
[2026-04-12T07:13:06.074Z] 🗑️ Termin gelöscht: 599aa5fd-bc54-4709-a2d9-8554030321e4
[2026-04-12T07:13:07.674Z] 🗑️ Termin gelöscht: ec730803-6784-4565-87bc-d1fe72f20dcd
[2026-04-12T07:13:11.130Z] 🗑️ Termin gelöscht: f4145a58-030e-4960-9b83-d2a9846d2a36
[2026-04-12T07:19:26.889Z] ✅ Twilio WhatsApp AKTIV
[2026-04-12T07:35:27.549Z] 📲 WhatsApp gesendet an whatsapp:+491777875051: SMac986c979433d94b413aea75a8c95804
[2026-04-12T08:42:33.549Z] ✅ Twilio WhatsApp AKTIV
[2026-04-12T08:46:04.317Z] 📲 WhatsApp gesendet an whatsapp:+491777875051: SM3408e41a60e17e940eac3bd6aeca182f
[2026-04-12T08:56:34.610Z] ✅ Twilio WhatsApp AKTIV
[2026-04-12T09:02:35.254Z] 📲 WhatsApp gesendet an whatsapp:+491777875051: SM556fc7ea4fbe3855dd21937e9f78b0b7
[2026-04-12T09:11:42.390Z] 🆕 Admin-Termin angelegt: karina (Gesicht +Maniküre)
[2026-04-12T09:11:45.868Z] 📤 Mail gesendet an mmazur871@gmail.com: <1e0c5df5-673a-7d17-4a87-d70e14bcf848@gmail.com>
[2026-04-12T09:18:31.143Z] 🗑️ Termin gelöscht: 287ed902-fe3e-4aac-847a-1385c5c6c771
[2026-04-12T09:19:26.353Z] 🆕 Admin-Termin angelegt: Mariaaaa karinsa (Gesichtsbehandlung +Maniküre+Nägel machen)
[2026-04-12T09:19:29.439Z] 📤 Mail gesendet an mmazur871@gmail.com: <c8d7b115-2fcb-11a0-eb4a-71ce7290c7e9@gmail.com>
[2026-04-12T10:15:49.289Z] 🗑️ Termin gelöscht: 463ae8c2-6237-4afe-8d52-1763a900284d
[2026-04-12T10:15:50.942Z] 🗑️ Termin gelöscht: 85f89427-6c91-4974-9ddc-f2c3707c74fe
[2026-04-12T10:15:52.425Z] 🗑️ Termin gelöscht: fc8949ad-9934-4cdc-9155-3b12eae760c4
[2026-04-12T10:15:54.148Z] 🗑️ Termin gelöscht: cbd3011e-8f66-4045-9630-30ede7201c8e
[2026-04-12T10:15:55.598Z] 🗑️ Termin gelöscht: 5b72257c-2c41-4f90-b02d-f3309c72f83b
[2026-04-12T10:15:57.572Z] 🗑️ Termin gelöscht: aee6a85a-0c90-4243-8974-5df6d1641ebf
[2026-04-12T10:15:59.125Z] 🗑️ Termin gelöscht: 9aab1e1f-932d-47c8-968a-618c392a0c7e
[2026-04-12T10:16:00.442Z] 🗑️ Termin gelöscht: 1f8bc2f6-b651-4bda-83ab-9eb15d4e7c4c
[2026-04-12T10:16:01.902Z] 🗑️ Termin gelöscht: a98b4d1e-9384-452d-a05b-1a4e07cf58f0
[2026-04-12T10:16:21.143Z] 🗑️ Termin gelöscht: ab060325-352f-42f3-b81d-bc443de7943f
[2026-04-12T10:16:30.962Z] ✅ Twilio WhatsApp AKTIV
[2026-04-13T07:48:41.827Z] ✅ Twilio WhatsApp AKTIV
[2026-04-13T07:52:12.699Z] 📲 WhatsApp gesendet an whatsapp:+491777875051: SM98ba7b26195a9f378db6ccfe52e6c3a6
[2026-04-13T08:01:06.489Z] ✅ Twilio WhatsApp AKTIV
[2026-04-13T08:04:37.563Z] 📲 WhatsApp gesendet an whatsapp:+491777875051: SMdaeef8eadefe2e02b252f1fc0a920009
[2026-04-13T08:18:29.394Z] ✅ Twilio WhatsApp AKTIV
[2026-04-13T08:21:29.907Z] 📲 WhatsApp gesendet an whatsapp:+491777875051: SM5755a54a5ae9e674abd9326e4e8db179
[2026-04-13T08:24:17.503Z] ✅ Twilio WhatsApp AKTIV
[2026-04-13T08:44:28.394Z] 📆 Termin verschoben: 6b059852-b5a2-4a17-ac62-1c5ceb83a8b3 → 2026-04-13T10:16:00.000Z (Mitarbeiter: null)
[2026-04-13T08:51:10.908Z] ✅ Twilio WhatsApp AKTIV
[2026-04-13T08:54:50.853Z] 🗑️ Termin gelöscht: 6b059852-b5a2-4a17-ac62-1c5ceb83a8b3
[2026-04-13T08:54:52.507Z] 🗑️ Termin gelöscht: f7d2c280-3762-4a33-8a5e-49d0411f4b0c
[2026-04-13T09:16:42.843Z] ✅ Twilio WhatsApp AKTIV
[2026-04-13T09:17:20.439Z] 🆕 Admin-Termin angelegt: Anna (Gesicht)
[2026-04-13T09:17:23.918Z] 📤 Mail gesendet an mmazur871@gmail.com: <2bba5850-d629-d10c-4dc7-a245d9cb5c3a@gmail.com>
[2026-04-13T09:20:20.240Z] 🆕 Admin-Termin angelegt: anna (gesicht)
[2026-04-13T09:20:22.718Z] 📤 Mail gesendet an mmazur871@gmail.com: <2289b3fd-cc38-1f81-60d1-fada02dc5d95@gmail.com>
[2026-04-13T09:22:40.548Z] ✅ Twilio WhatsApp AKTIV
[2026-04-13T09:22:52.201Z] 🗑️ Termin gelöscht: d44be1f8-8a2f-475c-8746-33dbca1e5719
[2026-04-13T09:22:53.620Z] 🗑️ Termin gelöscht: 25c93040-4c8c-418b-ad89-c449266c0608
[2026-04-13T09:22:55.460Z] 🗑️ Termin gelöscht: a0a32eab-d908-4794-bee0-26faf3960d4e
[2026-04-13T09:23:00.694Z] 🗑️ Termin gelöscht: b60f20db-94de-43c0-a830-89e6ef44e5ec
[2026-04-13T09:23:42.839Z] 🆕 Admin-Termin angelegt: annaa (Gesicht)
[2026-04-13T09:23:46.491Z] 📤 Mail gesendet an mmazur871@gmail.com: <c2c37959-3b70-8957-ae0b-1ad1e80d04ed@gmail.com>
[2026-04-13T09:58:47.145Z] 🆕 Admin-Termin angelegt: anna (Gesicht)
[2026-04-13T09:58:51.098Z] 📤 Mail gesendet an mmazur871@gmail.com: <88609f31-0d03-0c6a-00f0-f73b496a61ef@gmail.com>
[2026-04-13T09:59:20.845Z] 🆕 Admin-Termin angelegt: klara (Gesicht)
[2026-04-13T09:59:23.994Z] 📤 Mail gesendet an mmazur871@gmail.com: <3bc0fb80-78a2-0cb9-63ae-92ba3a80b3cf@gmail.com>
[2026-04-13T10:13:49.214Z] ✅ Twilio WhatsApp AKTIV
[2026-04-13T10:13:58.504Z] 📆 Termin verschoben: e4f62e81-6b25-41a5-a69f-848511d9ddf6 → 2026-04-27T10:30:00.000Z (Mitarbeiter: 9f0ca3ce-d397-4a7a-bf6a-adcb1184f4b7)
[2026-04-13T10:14:04.278Z] 📆 Termin verschoben: e4f62e81-6b25-41a5-a69f-848511d9ddf6 → 2026-04-29T10:30:00.000Z (Mitarbeiter: 9f0ca3ce-d397-4a7a-bf6a-adcb1184f4b7)
[2026-04-13T10:41:17.937Z] ✅ Twilio WhatsApp AKTIV
[2026-04-13T10:41:37.927Z] 📆 Termin verschoben: e4f62e81-6b25-41a5-a69f-848511d9ddf6 → 2026-04-30T10:30:00.000Z (Mitarbeiter: 9f0ca3ce-d397-4a7a-bf6a-adcb1184f4b7)
[2026-04-13T11:43:28.113Z] ✅ Twilio WhatsApp AKTIV
[2026-04-13T11:44:06.816Z] 🆕 Admin-Termin angelegt: mmmm (Gesicht)
[2026-04-13T11:44:08.053Z] 📆 WhatsApp Reminder 24h geplant (2026-04-29T14:45:00.000Z)
[2026-04-13T11:44:08.054Z] 📆 WhatsApp Reminder 2h geplant (2026-04-30T12:45:00.000Z)
[2026-04-13T11:44:11.288Z] 📤 Mail gesendet an mmazur871@gmail.com: <4da49dd8-7434-3c31-e5ff-f8e2f965cc5d@gmail.com>
[2026-04-14T06:47:00.841Z] ✅ Twilio WhatsApp AKTIV
[2026-04-14T06:47:35.681Z] 🆕 Admin-Termin angelegt: maria (gesicht)
[2026-04-14T06:47:36.846Z] 📲 WhatsApp gesendet an whatsapp:+491777875051: SM84783ffca20b121c84ed7eaf19aae585
[2026-04-14T06:47:36.851Z] 📆 WhatsApp Reminder 24h geplant (2026-04-30T11:47:00.000Z)
[2026-04-14T06:47:36.852Z] 📆 WhatsApp Reminder 2h geplant (2026-05-01T09:47:00.000Z)
[2026-04-14T06:47:37.250Z] 📲 WhatsApp gesendet an whatsapp:+491777875051: SM68e468a2991dcdeae5e3cdf111aa1ccd
[2026-04-14T06:47:40.477Z] 📤 Mail gesendet an mmazur871@gmail.com: <b2725a37-8ba6-9225-3e96-2ed039f175c7@gmail.com>
[2026-04-14T07:28:34.893Z] ✅ Twilio WhatsApp AKTIV
[2026-04-14T07:31:05.814Z] 📲 WhatsApp gesendet an whatsapp:+491777875051: SM27b375f791a14a161c633c81a3e086eb
[2026-04-14T08:01:36.122Z] 📲 WhatsApp gesendet an whatsapp:+491777875051: SM1544928fbbf5cbd5c4e8a604a8e09082
[2026-04-14T08:37:07.593Z] ✅ Twilio WhatsApp AKTIV
[2026-04-14T08:58:35.486Z] ✅ Twilio WhatsApp AKTIV
[2026-04-15T10:31:58.547Z] ✅ Twilio WhatsApp AKTIV
[2026-04-15T10:34:59.215Z] 📲 WhatsApp gesendet an whatsapp:+491777875051: SM0c821aa89f6e8e3c6d0176bfc3d752f5
[2026-04-15T10:37:29.556Z] 📲 WhatsApp gesendet an whatsapp:+491777875051: SM4e954b278b6378b94fb517ac9d30cb18
[2026-04-15T10:40:29.515Z] 📲 WhatsApp gesendet an whatsapp:+491777875051: SMe823195c362ff85d5e695b5c87467bed
[2026-04-15T10:40:57.533Z] ✅ Twilio WhatsApp AKTIV
[2026-04-15T10:41:51.706Z] ✅ Twilio WhatsApp AKTIV
[2026-04-15T10:42:24.587Z] ✅ Twilio WhatsApp AKTIV
[2026-04-15T10:42:58.040Z] ✅ Twilio WhatsApp AKTIV
[2026-04-17T07:56:57.056Z] ✅ Twilio WhatsApp AKTIV
[2026-04-17T08:00:06.395Z] ✅ Twilio WhatsApp AKTIV
[2026-04-19T09:04:41.643Z] ✅ Twilio WhatsApp AKTIV
[2026-04-19T10:10:51.918Z] ✅ Twilio WhatsApp AKTIV
[2026-04-19T10:18:55.881Z] ✅ Twilio WhatsApp AKTIV
[2026-04-19T10:22:17.114Z] ✅ Twilio WhatsApp AKTIV
[2026-04-19T10:23:34.284Z] ✅ Twilio WhatsApp AKTIV
[2026-04-19T10:37:55.863Z] ✅ Twilio WhatsApp AKTIV
[2026-04-19T10:40:26.381Z] 📲 WhatsApp gesendet an whatsapp:+491777875051: SM75ba9af1035f3b8a823a215b2891ba88
[2026-04-20T09:03:13.906Z] ✅ Twilio WhatsApp AKTIV
[2026-04-20T09:10:19.739Z] ✅ Twilio WhatsApp AKTIV
[2026-04-20T09:19:31.633Z] ✅ Twilio WhatsApp AKTIV
[2026-04-20T09:27:33.287Z] ✅ Twilio WhatsApp AKTIV
[2026-04-20T10:08:22.002Z] ✅ Twilio WhatsApp AKTIV
[2026-04-20T10:08:53.331Z] ✅ Twilio WhatsApp AKTIV
[2026-04-20T10:09:43.942Z] ✅ Twilio WhatsApp AKTIV
[2026-04-20T10:11:06.446Z] ✅ Twilio WhatsApp AKTIV
[2026-04-20T10:11:27.695Z] ✅ Twilio WhatsApp AKTIV
[2026-04-20T10:13:58.092Z] 📲 WhatsApp gesendet an whatsapp:+491777875051: SMfb2589227bef1b157379a67637fa2894
[2026-04-20T10:15:49.352Z] ✅ Twilio WhatsApp AKTIV
[2026-04-20T10:16:45.381Z] ✅ Twilio WhatsApp AKTIV
[2026-04-20T10:32:27.869Z] ✅ Twilio WhatsApp AKTIV
[2026-04-20T10:36:10.445Z] ✅ Twilio WhatsApp AKTIV
[2026-04-20T10:36:15.686Z] 🗑️ Termin gelöscht: 106f1211-1040-4419-9c1f-c72f32e24cd6
[2026-04-20T10:36:17.115Z] 🗑️ Termin gelöscht: 440797b9-44f5-444a-bb7d-71264d7bcc50
[2026-04-20T10:36:18.946Z] 🗑️ Termin gelöscht: 34de2204-23a2-426d-9c43-a88f0f4bca00
[2026-04-20T10:36:20.362Z] 🗑️ Termin gelöscht: 1b29a2c9-1fb6-4301-b58d-3e24febff39f
[2026-04-20T10:36:21.697Z] 🗑️ Termin gelöscht: c12a7897-b91b-466c-bb5d-088e195b301a
[2026-04-20T10:36:22.987Z] 🗑️ Termin gelöscht: d99cad13-c533-4ba5-8af4-8e1a03568e88
[2026-04-20T10:36:24.541Z] 🗑️ Termin gelöscht: 1289d3a4-3080-4623-90ea-798c210d7b72
[2026-04-20T10:36:26.547Z] 🗑️ Termin gelöscht: e4f62e81-6b25-41a5-a69f-848511d9ddf6
[2026-04-20T10:36:28.139Z] 🗑️ Termin gelöscht: 6aa9e3ba-53cf-41d9-b8c5-c41540ded017
[2026-04-20T10:36:30.109Z] 🗑️ Termin gelöscht: 79389669-dfad-434f-b78d-f36821a2eca2
[2026-04-20T10:47:55.571Z] ✅ Twilio WhatsApp AKTIV
[2026-04-20T10:49:34.037Z] ✅ Twilio WhatsApp AKTIV
[2026-04-20T11:14:55.249Z] ✅ Twilio WhatsApp AKTIV
[2026-04-20T11:22:05.573Z] ✅ Twilio WhatsApp AKTIV
[2026-04-20T11:27:42.359Z] ✅ Twilio WhatsApp AKTIV
[2026-04-20T11:28:24.471Z] ✅ Twilio WhatsApp AKTIV
[2026-04-20T11:39:15.365Z] ✅ Twilio WhatsApp AKTIV
[2026-04-20T11:40:24.191Z] ✅ Twilio WhatsApp AKTIV
[2026-04-20T11:53:53.431Z] ✅ Twilio WhatsApp AKTIV
[2026-04-21T16:09:35.367Z] ✅ Twilio WhatsApp AKTIV
[2026-04-21T16:11:30.299Z] ✅ Twilio WhatsApp AKTIV
[2026-04-21T16:19:11.783Z] ✅ Twilio WhatsApp AKTIV
[2026-04-21T16:23:09.135Z] ✅ Twilio WhatsApp AKTIV
[2026-04-21T16:24:24.182Z] ✅ Twilio WhatsApp AKTIV
[2026-04-21T16:26:29.737Z] ✅ Twilio WhatsApp AKTIV
[2026-04-21T16:36:32.120Z] ✅ Twilio WhatsApp AKTIV
[2026-04-21T16:37:55.001Z] ✅ Twilio WhatsApp AKTIV
[2026-04-21T17:02:20.821Z] ✅ Twilio WhatsApp AKTIV
[2026-04-21T17:50:36.951Z] ✅ Twilio WhatsApp AKTIV
[2026-04-21T17:52:42.228Z] ✅ Twilio WhatsApp AKTIV
[2026-04-21T17:54:08.890Z] ✅ Twilio WhatsApp AKTIV
[2026-04-21T17:58:04.852Z] ✅ Twilio WhatsApp AKTIV
[2026-04-21T18:01:28.956Z] ✅ Twilio WhatsApp AKTIV
[2026-04-21T18:58:09.958Z] ✅ Twilio WhatsApp AKTIV
[2026-04-21T19:23:53.165Z] ✅ Twilio WhatsApp AKTIV
[2026-04-21T19:25:00.154Z] ✅ Twilio WhatsApp AKTIV
[2026-04-21T20:24:22.046Z] ✅ Twilio WhatsApp AKTIV
[2026-04-22T15:57:02.240Z] ✅ Twilio WhatsApp AKTIV
[2026-04-22T15:58:36.746Z] ✅ Twilio WhatsApp AKTIV
[2026-04-22T16:00:31.015Z] ✅ Twilio WhatsApp AKTIV
[2026-04-22T16:55:20.698Z] ✅ Twilio WhatsApp AKTIV
[2026-04-22T17:00:22.454Z] ✅ Twilio WhatsApp AKTIV
[2026-04-22T17:02:24.183Z] ✅ Twilio WhatsApp AKTIV
[2026-04-22T18:52:49.640Z] ✅ Twilio WhatsApp AKTIV
[2026-04-22T18:53:51.347Z] ✅ Twilio WhatsApp AKTIV
[2026-04-22T18:54:38.701Z] ✅ Twilio WhatsApp AKTIV
[2026-04-22T20:12:51.385Z] ✅ Twilio WhatsApp AKTIV
[2026-04-22T20:36:45.498Z] 📆 Termin verschoben: 922391c6-feb9-48be-8867-b565c07f7dec → 2026-04-29T11:00:00.000Z (Mitarbeiter: 9f0ca3ce-d397-4a7a-bf6a-adcb1184f4b7)
[2026-04-22T20:45:42.225Z] ✅ Twilio WhatsApp AKTIV
[2026-04-22T20:48:12.660Z] 📲 WhatsApp gesendet an whatsapp:+491777875051: SMd64860c6bc27b571c555af1a06a9a7bb
[2026-04-22T20:50:15.419Z] ✅ Twilio WhatsApp AKTIV
[2026-04-22T20:52:46.123Z] 📲 WhatsApp gesendet an whatsapp:+491777875051: SM6d2afaccb6d240d9bc4605ef3f336c8e
[2026-04-23T12:39:36.075Z] ✅ Twilio WhatsApp AKTIV
[2026-04-24T06:39:13.717Z] ✅ Twilio WhatsApp AKTIV
[2026-04-24T06:40:48.096Z] ✅ Twilio WhatsApp AKTIV
[2026-04-24T06:42:51.159Z] ✅ Twilio WhatsApp AKTIV
[2026-04-24T06:43:21.151Z] ✅ Twilio WhatsApp AKTIV
[2026-04-24T06:53:26.604Z] ✅ Twilio WhatsApp AKTIV
[2026-04-24T06:55:57.129Z] 📲 WhatsApp gesendet an whatsapp:+491777875051: SM02a3a2c69130a550c49349a12da9bdc9
[2026-04-24T07:14:57.466Z] 📲 WhatsApp gesendet an whatsapp:+491777875051: SM921eadee923e99a0f23b60207c730c60
[2026-04-24T07:15:20.920Z] ✅ Twilio WhatsApp AKTIV
[2026-04-24T07:40:27.472Z] ✅ Twilio WhatsApp AKTIV
[2026-04-24T07:41:39.075Z] ✅ Twilio WhatsApp AKTIV
[2026-04-24T07:46:25.784Z] ✅ Twilio WhatsApp AKTIV
[2026-04-24T08:31:18.051Z] ✅ Twilio WhatsApp AKTIV
[2026-04-25T15:25:02.654Z] ✅ Twilio WhatsApp AKTIV
[2026-04-25T15:58:22.086Z] ✅ Twilio WhatsApp AKTIV
[2026-04-25T16:00:52.745Z] 📲 WhatsApp gesendet an whatsapp:+491777875051: SM9066d6c73c00917280da4f5edeb40e70
[2026-04-25T16:10:58.790Z] ✅ Twilio WhatsApp AKTIV
[2026-04-25T16:13:29.429Z] 📲 WhatsApp gesendet an whatsapp:+491777875051: SMdfb26aa8cdb54cf5a802510b767ac3c2
[2026-04-25T16:21:44.731Z] ✅ Twilio WhatsApp AKTIV
[2026-04-25T16:24:15.431Z] 📲 WhatsApp gesendet an whatsapp:+491777875051: SMacfefd1e33c3d6445c723b2b3f7d86b3
[2026-04-25T17:00:38.020Z] ✅ Twilio WhatsApp AKTIV
[2026-04-25T17:03:08.406Z] 📲 WhatsApp gesendet an whatsapp:+491777875051: SMfb7364ad0f23fc43ca084b828f60ef10
[2026-04-25T17:15:05.706Z] ✅ Twilio WhatsApp AKTIV
[2026-04-25T17:21:01.550Z] ✅ Twilio WhatsApp AKTIV
[2026-04-25T17:23:32.121Z] 📲 WhatsApp gesendet an whatsapp:+491777875051: SMb5264fed48b20473b18615ca69b96c0f
[2026-04-25T17:28:52.227Z] ✅ Twilio WhatsApp AKTIV
[2026-04-26T12:27:01.372Z] ✅ Twilio WhatsApp AKTIV
[2026-04-26T12:30:03.754Z] 📆 WhatsApp Reminder 24h geplant (2026-04-29T14:15:00.000Z)
[2026-04-26T12:30:03.755Z] 📆 WhatsApp Reminder 2h geplant (2026-04-30T12:15:00.000Z)
[2026-04-26T12:30:05.786Z] 📤 Mail gesendet an mmazur871@gmail.com: <19136beb-bfff-a9f4-1f6f-0b3a2fac46f1@gmail.com>
[2026-04-26T12:55:02.593Z] 📆 WhatsApp Reminder 24h geplant (2026-04-28T14:30:00.000Z)
[2026-04-26T12:55:02.595Z] 📆 WhatsApp Reminder 2h geplant (2026-04-29T12:30:00.000Z)
[2026-04-26T12:55:05.355Z] 📤 Mail gesendet an mmazur871@gmail.com: <d726eaad-4203-847a-d53d-5246d01c56e1@gmail.com>
[2026-04-26T13:11:38.135Z] ✅ Twilio WhatsApp AKTIV
[2026-04-26T13:27:11.636Z] ✅ Twilio WhatsApp AKTIV
[2026-04-26T14:48:44.001Z] ✅ Twilio WhatsApp AKTIV
[2026-04-26T14:52:59.200Z] ✅ Twilio WhatsApp AKTIV
[2026-04-26T14:58:00.557Z] ✅ Twilio WhatsApp AKTIV
[2026-04-26T15:04:17.039Z] ✅ Twilio WhatsApp AKTIV
[2026-04-26T15:12:17.503Z] ✅ Twilio WhatsApp AKTIV
[2026-04-26T15:30:15.220Z] ✅ Twilio WhatsApp AKTIV
[2026-04-26T15:35:18.316Z] 📲 WhatsApp gesendet an whatsapp:+765432345678: SM50c560970e1eb2aa8a6b62fe51797d7c
[2026-04-26T15:41:14.573Z] ✅ Twilio WhatsApp AKTIV
[2026-04-26T15:42:00.890Z] 📲 WhatsApp gesendet an whatsapp:+787654345678: SMede65b9dd31a9c2830b5596db69777e0
[2026-04-26T15:42:00.895Z] 📆 WhatsApp Reminder 24h geplant (2026-04-29T15:00:00.000Z)
[2026-04-26T15:42:00.896Z] 📆 WhatsApp Reminder 2h geplant (2026-04-30T13:00:00.000Z)
[2026-04-26T15:42:03.408Z] 📤 Mail gesendet an mmazur871@gmail.com: <9a79d4a1-fe80-2c4d-4b02-01add24b5520@gmail.com>
[2026-04-26T15:49:27.725Z] ✅ Twilio WhatsApp AKTIV
[2026-04-26T15:49:48.807Z] ✅ Twilio WhatsApp AKTIV
[2026-04-26T15:56:24.577Z] ✅ Twilio WhatsApp AKTIV
[2026-04-26T16:04:56.868Z] ✅ Twilio WhatsApp AKTIV
[2026-04-26T16:05:40.064Z] 📲 WhatsApp gesendet an whatsapp:+99876543456789: SM9cd0f2658f272d8e6f7bbe8f9d714311
[2026-04-26T16:05:40.069Z] 📆 WhatsApp Reminder 2h geplant (2026-04-27T13:00:00.000Z)
[2026-04-26T16:05:42.796Z] 📤 Mail gesendet an mmazur871@gmail.com: <8e5f24ba-d2cf-2c1d-8c8a-ffc66f358a15@gmail.com>
[2026-04-26T16:19:04.031Z] ✅ Twilio WhatsApp AKTIV
[2026-04-26T16:22:45.506Z] 📲 WhatsApp gesendet an whatsapp:+65434567: SM88aec11ea3ef8ea6da10cca9906a638f
[2026-04-26T16:35:53.500Z] ✅ Twilio WhatsApp AKTIV
[2026-04-26T16:39:45.833Z] ✅ Twilio WhatsApp AKTIV
[2026-04-26T16:43:25.692Z] ✅ Twilio WhatsApp AKTIV
[2026-04-27T05:43:10.936Z] ✅ Twilio WhatsApp AKTIV
[2026-04-27T05:44:36.803Z] 📲 WhatsApp gesendet an whatsapp:+765456789: SM26023fc6a0e44f86759df13d99cc5f55
[2026-04-27T05:44:36.809Z] 📆 WhatsApp Reminder 24h geplant (2026-04-27T15:00:00.000Z)
[2026-04-27T05:44:36.810Z] 📆 WhatsApp Reminder 2h geplant (2026-04-28T13:00:00.000Z)
[2026-04-27T05:44:40.281Z] 📤 Mail gesendet an mmazur871@gmail.com: <68ee7396-cc5b-b9ec-f3de-c12269d64a18@gmail.com>
[2026-04-27T05:49:18.108Z] 📲 WhatsApp gesendet an whatsapp:+87654345678: SMaca012594e5f3ece47c7a305b0b6001a
[2026-04-27T05:59:00.991Z] ✅ Twilio WhatsApp AKTIV
[2026-04-27T06:03:07.308Z] 📲 WhatsApp gesendet an whatsapp:+3456765432: SM04a41cc1446ff4a07dd83514384fedee
[2026-04-27T06:04:32.426Z] ✅ Twilio WhatsApp AKTIV
[2026-04-27T06:46:19.496Z] ✅ Twilio WhatsApp AKTIV
[2026-04-27T06:54:18.748Z] 📲 WhatsApp gesendet an whatsapp:+4567876543: SM072b1c430922e07d3fb6c991691b0df6
[2026-04-27T07:13:13.692Z] ✅ Twilio WhatsApp AKTIV
[2026-04-27T07:20:46.676Z] 📲 WhatsApp gesendet an whatsapp:+456786543: SMec56028d77ef1a9d7d77609933ae9760
[2026-04-27T07:24:39.903Z] ✅ Twilio WhatsApp AKTIV
[2026-04-27T07:26:45.796Z] 📲 WhatsApp gesendet an whatsapp:+234567543: SM4b8e0b92f5a8d1a21bac799ea4946b9a
[2026-04-27T07:26:45.802Z] 📆 WhatsApp Reminder 24h geplant (2026-05-03T02:05:00.000Z)
[2026-04-27T07:26:45.803Z] 📆 WhatsApp Reminder 2h geplant (2026-05-04T00:05:00.000Z)
[2026-04-27T07:26:48.256Z] 📤 Mail gesendet an mmazur871@gmail.com: <b68c5560-c046-ecc3-3cff-49990988d074@gmail.com>
[2026-04-27T07:30:53.733Z] ✅ Twilio WhatsApp AKTIV
[2026-04-27T07:31:40.094Z] 📲 WhatsApp gesendet an whatsapp:+23456765432: SM659f65fafba73030bbd0696d59c7e774
[2026-04-27T07:31:40.099Z] 📆 WhatsApp Reminder 24h geplant (2026-05-03T09:00:00.000Z)
[2026-04-27T07:31:40.100Z] 📆 WhatsApp Reminder 2h geplant (2026-05-04T07:00:00.000Z)
[2026-04-27T07:31:42.754Z] 📤 Mail gesendet an mmazur871@gmail.com: <5b96a02a-8bc5-b40e-7f37-c8056cbc1b90@gmail.com>
[2026-04-27T07:37:40.505Z] 📲 WhatsApp gesendet an whatsapp:+567865432: SMc2eff4098d650fda833257963b44fda2
[2026-04-27T07:42:59.449Z] ✅ Twilio WhatsApp AKTIV
[2026-04-27T07:53:08.425Z] ✅ Twilio WhatsApp AKTIV
[2026-04-27T08:50:23.209Z] ✅ Twilio WhatsApp AKTIV
[2026-04-27T08:58:33.716Z] ✅ Twilio WhatsApp AKTIV
[2026-04-27T09:09:14.352Z] 📲 WhatsApp gesendet an whatsapp:+456786543: SM7173f6c3a6d4ccab2cbd551cee09d18f
[2026-04-27T09:12:12.316Z] 📲 WhatsApp gesendet an whatsapp:+45654345654: SM5ebae50cc403076cbd310ba276fdb1a2
[2026-04-27T09:15:52.685Z] ✅ Twilio WhatsApp AKTIV
[2026-04-27T09:17:18.496Z] 📲 WhatsApp gesendet an whatsapp:+3456786543: SM0ecdff74dece460aff55399bfbba27d3
[2026-04-27T09:17:18.501Z] 📆 WhatsApp Reminder 24h geplant (2026-04-27T15:00:00.000Z)
[2026-04-27T09:17:18.502Z] 📆 WhatsApp Reminder 2h geplant (2026-04-28T13:00:00.000Z)
[2026-04-27T09:17:20.860Z] 📤 Mail gesendet an mmazur871@gmail.com: <158ee710-7223-ff28-f61f-447efd21c6e3@gmail.com>
[2026-04-27T09:27:18.461Z] 📲 WhatsApp gesendet an whatsapp:+4567876543: SM8961bbd19805e2631b35e14cf6820e65
[2026-04-27T09:33:47.787Z] 📲 WhatsApp gesendet an whatsapp:+3456765432: SM7e8cf7ad15c854d1c075c5fdc4c8949e
[2026-04-27T09:33:47.789Z] 📆 WhatsApp Reminder 24h geplant (2026-05-06T15:00:00.000Z)
[2026-04-27T09:33:47.790Z] 📆 WhatsApp Reminder 2h geplant (2026-05-07T13:00:00.000Z)
[2026-04-27T09:33:50.475Z] 📤 Mail gesendet an mmazur871@gmail.com: <a9b32128-df03-0742-efed-05a4e69a4557@gmail.com>
[2026-04-27T09:39:19.155Z] 📲 WhatsApp gesendet an whatsapp:+345676543: SM0f42eff13a918dcb9123892febc79283
[2026-04-27T09:42:58.795Z] ✅ Twilio WhatsApp AKTIV
[2026-04-27T09:46:37.328Z] 📲 WhatsApp gesendet an whatsapp:+234567876543: SM966b6cd83a1d994afec7929a2ba58ee8
[2026-04-27T09:50:05.806Z] ✅ Twilio WhatsApp AKTIV
[2026-04-27T09:50:51.999Z] 📲 WhatsApp gesendet an whatsapp:+45676543: SM6c0eb9cf554957390d7fb1a881359021
[2026-04-27T09:50:52.004Z] 📆 WhatsApp Reminder 24h geplant (2026-04-27T15:00:00.000Z)
[2026-04-27T09:50:52.005Z] 📆 WhatsApp Reminder 2h geplant (2026-04-28T13:00:00.000Z)
[2026-04-27T09:50:54.455Z] 📤 Mail gesendet an mmazur871@gmail.com: <77e5f4ea-e80f-ec73-3828-e22d870ba06e@gmail.com>
[2026-04-27T09:58:02.891Z] ✅ Twilio WhatsApp AKTIV
[2026-04-27T09:59:00.827Z] 📲 WhatsApp gesendet an whatsapp:+3456765432: SMa19ebfee59794c8da23a6520ad67090d
[2026-04-27T09:59:00.832Z] 📆 WhatsApp Reminder 24h geplant (2026-04-27T10:00:00.000Z)
[2026-04-27T09:59:00.833Z] 📆 WhatsApp Reminder 2h geplant (2026-04-28T08:00:00.000Z)
[2026-04-27T09:59:03.623Z] 📤 Mail gesendet an mmazur871@gmail.com: <a5ee7974-6e38-ced7-7e49-e90121968a85@gmail.com>
[2026-04-27T10:02:36.412Z] 📲 WhatsApp gesendet an whatsapp:+456765432: SM48a5e8b0c5c636719e18536a6d74ce6c
[2026-04-27T10:04:35.740Z] ✅ Twilio WhatsApp AKTIV
[2026-04-27T10:09:49.673Z] 📲 WhatsApp gesendet an whatsapp:+56765435654: SMa145d88dd94cec57fa4adda8019e6a31
[2026-04-27T10:09:49.679Z] 📆 WhatsApp Reminder 24h geplant (2026-04-28T15:30:00.000Z)
[2026-04-27T10:09:49.680Z] 📆 WhatsApp Reminder 2h geplant (2026-04-29T13:30:00.000Z)
[2026-04-27T10:09:52.331Z] 📤 Mail gesendet an mmazur871@gmail.com: <1cedf7c9-b1cf-2fea-8534-2bbb77743eb5@gmail.com>
[2026-04-27T10:20:33.273Z] ✅ Twilio WhatsApp AKTIV
[2026-04-27T10:32:46.686Z] ✅ Twilio WhatsApp AKTIV
[2026-04-27T10:37:02.562Z] 📲 WhatsApp gesendet an whatsapp:+3456787654: SM65831cc52f414be96f4719bfc48b95fc
[2026-04-27T10:46:35.565Z] ✅ Twilio WhatsApp AKTIV
[2026-04-27T10:58:44.892Z] ✅ Twilio WhatsApp AKTIV
[2026-04-27T11:02:22.590Z] 📲 WhatsApp gesendet an whatsapp:+2345676543: SM6e7413a5195e34fa1e4d6c7928b60ae5
[2026-04-27T11:07:54.829Z] ✅ Twilio WhatsApp AKTIV
[2026-04-27T11:08:20.172Z] 📲 WhatsApp gesendet an whatsapp:+2345676543: SM4b6490112a7bd81f5bd8d386824ed233
[2026-04-27T11:08:20.178Z] 📆 WhatsApp Reminder 24h geplant (2026-04-28T12:00:00.000Z)
[2026-04-27T11:08:20.178Z] 📆 WhatsApp Reminder 2h geplant (2026-04-29T10:00:00.000Z)
[2026-04-27T11:08:22.870Z] 📤 Mail gesendet an mmazur871@gmail.com: <20404c21-04dd-e1d7-a197-c0c6d2b5c09a@gmail.com>
[2026-04-27T11:19:05.788Z] ✅ Twilio WhatsApp AKTIV
[2026-04-27T11:28:18.363Z] 📲 WhatsApp gesendet an whatsapp:+45676543: SMe4b873093db70202e4c7cdca8bde2a96
[2026-04-27T11:51:13.458Z] ✅ Twilio WhatsApp AKTIV
[2026-04-27T11:58:45.918Z] ✅ Twilio WhatsApp AKTIV
[2026-04-27T12:02:25.251Z] 📲 WhatsApp gesendet an whatsapp:+3456786543: SMec9d3d660c15c952ee5064584c9bcf2e
[2026-04-27T12:03:29.374Z] ✅ Twilio WhatsApp AKTIV
[2026-04-27T12:56:46.057Z] ✅ Twilio WhatsApp AKTIV
[2026-04-27T13:02:09.707Z] ✅ Twilio WhatsApp AKTIV
[2026-04-27T13:03:59.560Z] 📲 WhatsApp gesendet an whatsapp:+345678765432: SM0f98a80d194c94e078f0b9857c3e7bb3
[2026-04-27T13:03:59.565Z] 📆 WhatsApp Reminder 24h geplant (2026-04-28T10:15:00.000Z)
[2026-04-27T13:03:59.566Z] 📆 WhatsApp Reminder 2h geplant (2026-04-29T08:15:00.000Z)
[2026-04-27T13:04:03.503Z] 📤 Mail gesendet an mmazur871@gmail.com: <0d6d1d70-c912-dcb8-869b-91bb7abd0fad@gmail.com>
[2026-04-27T13:08:54.718Z] ✅ Twilio WhatsApp AKTIV
[2026-04-27T13:13:02.693Z] 📲 WhatsApp gesendet an whatsapp:+45676543: SMfb2c96b3861f4c344fc6ff938c3248c4
[2026-04-27T13:13:50.569Z] ✅ Twilio WhatsApp AKTIV
[2026-04-27T13:14:38.541Z] ✅ Twilio WhatsApp AKTIV
[2026-04-27T13:16:14.488Z] 📲 WhatsApp gesendet an whatsapp:+3456765432: SM34829afcc77c4d9cdf665d78e4929ef2
[2026-04-27T13:16:14.494Z] 📆 WhatsApp Reminder 24h geplant (2026-04-29T12:45:00.000Z)
[2026-04-27T13:16:14.495Z] 📆 WhatsApp Reminder 2h geplant (2026-04-30T10:45:00.000Z)
[2026-04-27T13:16:17.251Z] 📤 Mail gesendet an mmazur871@gmail.com: <4099e903-044f-d223-9b55-2b9492325004@gmail.com>
[2026-04-27T13:23:20.707Z] ✅ Twilio WhatsApp AKTIV
[2026-04-27T13:25:12.605Z] 📲 WhatsApp gesendet an whatsapp:+456786543: SM82599f800fbea62225b0ff21ff148218
[2026-04-27T13:25:12.611Z] 📆 WhatsApp Reminder 24h geplant (2026-05-07T14:45:00.000Z)
[2026-04-27T13:25:12.612Z] 📆 WhatsApp Reminder 2h geplant (2026-05-08T12:45:00.000Z)
[2026-04-27T13:25:15.789Z] 📤 Mail gesendet an mmazur871@gmail.com: <46cc451d-a622-73a4-f0ab-e0ed78a170a9@gmail.com>
[2026-04-27T13:27:59.823Z] ✅ Twilio WhatsApp AKTIV
[2026-04-27T13:33:41.398Z] ✅ Twilio WhatsApp AKTIV
[2026-04-27T13:38:18.335Z] 📲 WhatsApp gesendet an whatsapp:+34567876543: SMe7c22f64599a8acb4e52dadb52cb367a
[2026-04-27T13:38:57.041Z] ✅ Twilio WhatsApp AKTIV
[2026-04-27T13:39:38.187Z] 📲 WhatsApp gesendet an whatsapp:+345678765434567: SM00ed946412a5bc8e0cbecf7c1a94d924
[2026-04-27T13:39:38.194Z] 📆 WhatsApp Reminder 24h geplant (2026-04-28T09:30:00.000Z)
[2026-04-27T13:39:38.195Z] 📆 WhatsApp Reminder 2h geplant (2026-04-29T07:30:00.000Z)
[2026-04-27T13:39:40.259Z] 📤 Mail gesendet an mmazur871@gmail.com: <1bb2e3e6-9c36-5fab-b43e-aee61e560046@gmail.com>
[2026-04-27T13:44:59.242Z] ✅ Twilio WhatsApp AKTIV
[2026-04-27T13:49:02.324Z] 📲 WhatsApp gesendet an whatsapp:+456787654345678: SM10b284d6d0635bd39a0b7762a65181a6
[2026-04-28T05:19:57.935Z] ✅ Twilio WhatsApp AKTIV
[2026-04-28T05:23:35.144Z] 📲 WhatsApp gesendet an whatsapp:+3456786543: SM4d1edce3f1dd62d8ab20cd5ed7f7dbfd
[2026-04-28T05:25:14.874Z] ✅ Twilio WhatsApp AKTIV
[2026-04-28T05:29:05.257Z] 📲 WhatsApp gesendet an whatsapp:+4567876543: SM55ca525a0d1da943d3fa16f46373d321
[2026-04-30T12:13:21.309Z] 📲 WhatsApp gesendet an whatsapp:+567876543: SM45a698dfb90519aa59352c5e95c5b4d3
[2026-04-30T12:13:21.327Z] 📆 WhatsApp Reminder 24h geplant (2026-05-05T14:45:00.000Z)
[2026-04-30T12:13:21.327Z] 📆 WhatsApp Reminder 2h geplant (2026-05-06T12:45:00.000Z)
[2026-04-30T12:13:23.799Z] 📤 Mail gesendet an mmazur871@gmail.com: <7e3b3973-debd-7740-d152-3a5f11f89104@gmail.com>
[2026-04-30T12:14:07.083Z] ✅ Twilio WhatsApp AKTIV
[2026-04-30T12:14:30.497Z] 📲 WhatsApp gesendet an whatsapp:+78654345678: SM4c7be4d931bf99b393f0cd7588156938
[2026-04-30T12:14:30.503Z] 📆 WhatsApp Reminder 24h geplant (2026-05-07T13:15:00.000Z)
[2026-04-30T12:14:30.504Z] 📆 WhatsApp Reminder 2h geplant (2026-05-08T11:15:00.000Z)
[2026-04-30T12:14:32.701Z] 📤 Mail gesendet an mmazur871@gmail.com: <38574ad5-8e39-53ee-b284-c7b80a8f180a@gmail.com>
[2026-04-30T12:27:54.707Z] 📲 WhatsApp gesendet an whatsapp:+499876543567: SMd50cf0dbb6af613fee0bc11dfe50a7c1
[2026-05-04T08:01:54.299Z] ✅ Twilio WhatsApp AKTIV
[2026-05-06T06:57:33.240Z] ✅ Twilio WhatsApp AKTIV
[2026-05-06T07:58:13.583Z] 📲 WhatsApp gesendet an whatsapp:+456754345643: SMde2bd55b7940cca393a85d5e266dc9bf
[2026-05-08T12:13:42.799Z] 📲 WhatsApp gesendet an whatsapp:+456787654: SMb0d200ea36264ca65e069938764345f8
[2026-05-08T12:13:42.832Z] 📆 WhatsApp Reminder 24h geplant (2026-05-27T14:45:00.000Z)
[2026-05-08T12:13:42.833Z] 📆 WhatsApp Reminder 2h geplant (2026-05-28T12:45:00.000Z)
[2026-05-08T12:13:45.852Z] 📤 Mail gesendet an mmazur871@gmail.com: <1241b985-f7e9-0ce2-7268-e296f5eca4e4@gmail.com>
